Archive member included to satisfy reference by file (symbol)

d:/stm32cubeide_1.12.1/stm32cubeide/plugins/com.st.stm32cube.ide.mcu.externaltools.gnu-tools-for-stm32.10.3-2021.10.win32_1.0.200.202301161003/tools/bin/../lib/gcc/arm-none-eabi/10.3.1/../../../../arm-none-eabi/lib/thumb/v7e-m+fp/hard\libc_nano.a(lib_a-errno.o)
                              ./Core/Src/syscalls.o (__errno)
d:/stm32cubeide_1.12.1/stm32cubeide/plugins/com.st.stm32cube.ide.mcu.externaltools.gnu-tools-for-stm32.10.3-2021.10.win32_1.0.200.202301161003/tools/bin/../lib/gcc/arm-none-eabi/10.3.1/../../../../arm-none-eabi/lib/thumb/v7e-m+fp/hard\libc_nano.a(lib_a-exit.o)
                              d:/stm32cubeide_1.12.1/stm32cubeide/plugins/com.st.stm32cube.ide.mcu.externaltools.gnu-tools-for-stm32.10.3-2021.10.win32_1.0.200.202301161003/tools/bin/../lib/gcc/arm-none-eabi/10.3.1/../../../../arm-none-eabi/lib/thumb/v7e-m+fp/hard/crt0.o (exit)
d:/stm32cubeide_1.12.1/stm32cubeide/plugins/com.st.stm32cube.ide.mcu.externaltools.gnu-tools-for-stm32.10.3-2021.10.win32_1.0.200.202301161003/tools/bin/../lib/gcc/arm-none-eabi/10.3.1/../../../../arm-none-eabi/lib/thumb/v7e-m+fp/hard\libc_nano.a(lib_a-impure.o)
                              d:/stm32cubeide_1.12.1/stm32cubeide/plugins/com.st.stm32cube.ide.mcu.externaltools.gnu-tools-for-stm32.10.3-2021.10.win32_1.0.200.202301161003/tools/bin/../lib/gcc/arm-none-eabi/10.3.1/../../../../arm-none-eabi/lib/thumb/v7e-m+fp/hard\libc_nano.a(lib_a-exit.o) (_global_impure_ptr)
d:/stm32cubeide_1.12.1/stm32cubeide/plugins/com.st.stm32cube.ide.mcu.externaltools.gnu-tools-for-stm32.10.3-2021.10.win32_1.0.200.202301161003/tools/bin/../lib/gcc/arm-none-eabi/10.3.1/../../../../arm-none-eabi/lib/thumb/v7e-m+fp/hard\libc_nano.a(lib_a-init.o)
                              d:/stm32cubeide_1.12.1/stm32cubeide/plugins/com.st.stm32cube.ide.mcu.externaltools.gnu-tools-for-stm32.10.3-2021.10.win32_1.0.200.202301161003/tools/bin/../lib/gcc/arm-none-eabi/10.3.1/../../../../arm-none-eabi/lib/thumb/v7e-m+fp/hard/crt0.o (__libc_init_array)
d:/stm32cubeide_1.12.1/stm32cubeide/plugins/com.st.stm32cube.ide.mcu.externaltools.gnu-tools-for-stm32.10.3-2021.10.win32_1.0.200.202301161003/tools/bin/../lib/gcc/arm-none-eabi/10.3.1/../../../../arm-none-eabi/lib/thumb/v7e-m+fp/hard\libc_nano.a(lib_a-malloc.o)
                              ./Core/Src/File_Handling.o (malloc)
d:/stm32cubeide_1.12.1/stm32cubeide/plugins/com.st.stm32cube.ide.mcu.externaltools.gnu-tools-for-stm32.10.3-2021.10.win32_1.0.200.202301161003/tools/bin/../lib/gcc/arm-none-eabi/10.3.1/../../../../arm-none-eabi/lib/thumb/v7e-m+fp/hard\libc_nano.a(lib_a-memcpy-stub.o)
                              ./Audio/MY_CS43L22.o (memcpy)
d:/stm32cubeide_1.12.1/stm32cubeide/plugins/com.st.stm32cube.ide.mcu.externaltools.gnu-tools-for-stm32.10.3-2021.10.win32_1.0.200.202301161003/tools/bin/../lib/gcc/arm-none-eabi/10.3.1/../../../../arm-none-eabi/lib/thumb/v7e-m+fp/hard\libc_nano.a(lib_a-memset.o)
                              d:/stm32cubeide_1.12.1/stm32cubeide/plugins/com.st.stm32cube.ide.mcu.externaltools.gnu-tools-for-stm32.10.3-2021.10.win32_1.0.200.202301161003/tools/bin/../lib/gcc/arm-none-eabi/10.3.1/../../../../arm-none-eabi/lib/thumb/v7e-m+fp/hard/crt0.o (memset)
d:/stm32cubeide_1.12.1/stm32cubeide/plugins/com.st.stm32cube.ide.mcu.externaltools.gnu-tools-for-stm32.10.3-2021.10.win32_1.0.200.202301161003/tools/bin/../lib/gcc/arm-none-eabi/10.3.1/../../../../arm-none-eabi/lib/thumb/v7e-m+fp/hard\libc_nano.a(lib_a-nano-freer.o)
                              d:/stm32cubeide_1.12.1/stm32cubeide/plugins/com.st.stm32cube.ide.mcu.externaltools.gnu-tools-for-stm32.10.3-2021.10.win32_1.0.200.202301161003/tools/bin/../lib/gcc/arm-none-eabi/10.3.1/../../../../arm-none-eabi/lib/thumb/v7e-m+fp/hard\libc_nano.a(lib_a-malloc.o) (_free_r)
d:/stm32cubeide_1.12.1/stm32cubeide/plugins/com.st.stm32cube.ide.mcu.externaltools.gnu-tools-for-stm32.10.3-2021.10.win32_1.0.200.202301161003/tools/bin/../lib/gcc/arm-none-eabi/10.3.1/../../../../arm-none-eabi/lib/thumb/v7e-m+fp/hard\libc_nano.a(lib_a-nano-mallocr.o)
                              d:/stm32cubeide_1.12.1/stm32cubeide/plugins/com.st.stm32cube.ide.mcu.externaltools.gnu-tools-for-stm32.10.3-2021.10.win32_1.0.200.202301161003/tools/bin/../lib/gcc/arm-none-eabi/10.3.1/../../../../arm-none-eabi/lib/thumb/v7e-m+fp/hard\libc_nano.a(lib_a-malloc.o) (_malloc_r)
d:/stm32cubeide_1.12.1/stm32cubeide/plugins/com.st.stm32cube.ide.mcu.externaltools.gnu-tools-for-stm32.10.3-2021.10.win32_1.0.200.202301161003/tools/bin/../lib/gcc/arm-none-eabi/10.3.1/../../../../arm-none-eabi/lib/thumb/v7e-m+fp/hard\libc_nano.a(lib_a-printf.o)
                              ./Core/Src/main.o (printf)
d:/stm32cubeide_1.12.1/stm32cubeide/plugins/com.st.stm32cube.ide.mcu.externaltools.gnu-tools-for-stm32.10.3-2021.10.win32_1.0.200.202301161003/tools/bin/../lib/gcc/arm-none-eabi/10.3.1/../../../../arm-none-eabi/lib/thumb/v7e-m+fp/hard\libc_nano.a(lib_a-puts.o)
[...]
Memory Configuration

Name             Origin             Length             Attributes
CCMRAM           0x0000000010000000 0x0000000000010000 xrw
RAM              0x0000000020000000 0x0000000000020000 xrw
FLASH            0x0000000008000000 0x0000000000100000 xr
*default*        0x0000000000000000 0xffffffffffffffff

Linker script and memory map

LOAD d:/stm32cubeide_1.12.1/stm32cubeide/plugins/com.st.stm32cube.ide.mcu.externaltools.gnu-tools-for-stm32.10.3-2021.10.win32_1.0.200.202301161003/tools/bin/../lib/gcc/arm-none-eabi/10.3.1/thumb/v7e-m+fp/hard/crti.o
LOAD d:/stm32cubeide_1.12.1/stm32cubeide/plugins/com.st.stm32cube.ide.mcu.externaltools.gnu-tools-for-stm32.10.3-2021.10.win32_1.0.200.202301161003/tools/bin/../lib/gcc/arm-none-eabi/10.3.1/thumb/v7e-m+fp/hard/crtbegin.o
LOAD d:/stm32cubeide_1.12.1/stm32cubeide/plugins/com.st.stm32cube.ide.mcu.externaltools.gnu-tools-for-stm32.10.3-2021.10.win32_1.0.200.202301161003/tools/bin/../lib/gcc/arm-none-eabi/10.3.1/../../../../arm-none-eabi/lib/thumb/v7e-m+fp/hard/crt0.o
LOAD ./Audio/MY_CS43L22.o
LOAD ./Audio/audioI2S.o
LOAD ./Audio/wav_player.o
LOAD ./Core/Src/File_Handling.o
LOAD ./Core/Src/main.o
LOAD ./Core/Src/stm32f4xx_hal_msp.o
LOAD ./Core/Src/stm32f4xx_it.o
LOAD ./Core/Src/syscalls.o
LOAD ./Core/Src/sysmem.o
LOAD ./Core/Src/system_stm32f4xx.o
LOAD ./Core/Startup/startup_stm32f407vgtx.o
LOAD ./Drivers/STM32F4xx_HAL_Driver/Src/stm32f4xx_hal.o
LOAD ./Drivers/STM32F4xx_HAL_Driver/Src/stm32f4xx_hal_cortex.o
LOAD ./Drivers/STM32F4xx_HAL_Driver/Src/stm32f4xx_hal_dma.o
LOAD ./Drivers/STM32F4xx_HAL_Driver/Src/stm32f4xx_hal_dma_ex.o
LOAD ./Drivers/STM32F4xx_HAL_Driver/Src/stm32f4xx_hal_exti.o
LOAD ./Drivers/STM32F4xx_HAL_Driver/Src/stm32f4xx_hal_flash.o
LOAD ./Drivers/STM32F4xx_HAL_Driver/Src/stm32f4xx_hal_flash_ex.o
LOAD ./Drivers/STM32F4xx_HAL_Driver/Src/stm32f4xx_hal_flash_ramfunc.o
LOAD ./Drivers/STM32F4xx_HAL_Driver/Src/stm32f4xx_hal_gpio.o
LOAD ./Drivers/STM32F4xx_HAL_Driver/Src/stm32f4xx_hal_hcd.o
LOAD ./Drivers/STM32F4xx_HAL_Driver/Src/stm32f4xx_hal_i2c.o
LOAD ./Drivers/STM32F4xx_HAL_Driver/Src/stm32f4xx_hal_i2c_ex.o
LOAD ./Drivers/STM32F4xx_HAL_Driver/Src/stm32f4xx_hal_i2s.o
LOAD ./Drivers/STM32F4xx_HAL_Driver/Src/stm32f4xx_hal_i2s_ex.o
LOAD ./Drivers/STM32F4xx_HAL_Driver/Src/stm32f4xx_hal_pwr.o
LOAD ./Drivers/STM32F4xx_HAL_Driver/Src/stm32f4xx_hal_pwr_ex.o
LOAD ./Drivers/STM32F4xx_HAL_Driver/Src/stm32f4xx_hal_rcc.o
LOAD ./Drivers/STM32F4xx_HAL_Driver/Src/stm32f4xx_hal_rcc_ex.o
LOAD ./Drivers/STM32F4xx_HAL_Driver/Src/stm32f4xx_hal_tim.o
LOAD ./Drivers/STM32F4xx_HAL_Driver/Src/stm32f4xx_hal_tim_ex.o
LOAD ./Drivers/STM32F4xx_HAL_Driver/Src/stm32f4xx_ll_usb.o
LOAD ./FATFS/App/fatfs.o
LOAD ./FATFS/Target/usbh_diskio.o
LOAD ./Middlewares/ST/STM32_USB_Host_Library/Class/MSC/Src/usbh_msc.o
LOAD ./Middlewares/ST/STM32_USB_Host_Library/Class/MSC/Src/usbh_msc_bot.o
LOAD ./Middlewares/ST/STM32_USB_Host_Library/Class/MSC/Src/usbh_msc_scsi.o
LOAD ./Middlewares/ST/STM32_USB_Host_Library/Core/Src/usbh_core.o
LOAD ./Middlewares/ST/STM32_USB_Host_Library/Core/Src/usbh_ctlreq.o
LOAD ./Middlewares/ST/STM32_USB_Host_Library/Core/Src/usbh_ioreq.o
LOAD ./Middlewares/ST/STM32_USB_Host_Library/Core/Src/usbh_pipes.o
LOAD ./Middlewares/Third_Party/FatFs/src/diskio.o
LOAD ./Middlewares/Third_Party/FatFs/src/ff.o
LOAD ./Middlewares/Third_Party/FatFs/src/ff_gen_drv.o
LOAD ./Middlewares/Third_Party/FatFs/src/option/ccsbcs.o
LOAD ./Middlewares/Third_Party/FatFs/src/option/syscall.o
LOAD ./USB_HOST/App/usb_host.o
LOAD ./USB_HOST/Target/usbh_conf.o
START GROUP
LOAD d:/stm32cubeide_1.12.1/stm32cubeide/plugins/com.st.stm32cube.ide.mcu.externaltools.gnu-tools-for-stm32.10.3-2021.10.win32_1.0.200.202301161003/tools/bin/../lib/gcc/arm-none-eabi/10.3.1/../../../../arm-none-eabi/lib/thumb/v7e-m+fp/hard\libc_nano.a
LOAD d:/stm32cubeide_1.12.1/stm32cubeide/plugins/com.st.stm32cube.ide.mcu.externaltools.gnu-tools-for-stm32.10.3-2021.10.win32_1.0.200.202301161003/tools/bin/../lib/gcc/arm-none-eabi/10.3.1/../../../../arm-none-eabi/lib/thumb/v7e-m+fp/hard\libm.a
END GROUP
START GROUP
LOAD d:/stm32cubeide_1.12.1/stm32cubeide/plugins/com.st.stm32cube.ide.mcu.externaltools.gnu-tools-for-stm32.10.3-2021.10.win32_1.0.200.202301161003/tools/bin/../lib/gcc/arm-none-eabi/10.3.1/thumb/v7e-m+fp/hard\libgcc.a
LOAD d:/stm32cubeide_1.12.1/stm32cubeide/plugins/com.st.stm32cube.ide.mcu.externaltools.gnu-tools-for-stm32.10.3-2021.10.win32_1.0.200.202301161003/tools/bin/../lib/gcc/arm-none-eabi/10.3.1/../../../../arm-none-eabi/lib/thumb/v7e-m+fp/hard\libc_nano.a
END GROUP
START GROUP
LOAD d:/stm32cubeide_1.12.1/stm32cubeide/plugins/com.st.stm32cube.ide.mcu.externaltools.gnu-tools-for-stm32.10.3-2021.10.win32_1.0.200.202301161003/tools/bin/../lib/gcc/arm-none-eabi/10.3.1/thumb/v7e-m+fp/hard\libgcc.a
LOAD d:/stm32cubeide_1.12.1/stm32cubeide/plugins/com.st.stm32cube.ide.mcu.externaltools.gnu-tools-for-stm32.10.3-2021.10.win32_1.0.200.202301161003/tools/bin/../lib/gcc/arm-none-eabi/10.3.1/../../../../arm-none-eabi/lib/thumb/v7e-m+fp/hard\libc_nano.a
LOAD d:/stm32cubeide_1.12.1/stm32cubeide/plugins/com.st.stm32cube.ide.mcu.externaltools.gnu-tools-for-stm32.10.3-2021.10.win32_1.0.200.202301161003/tools/bin/../lib/gcc/arm-none-eabi/10.3.1/../../../../arm-none-eabi/lib/thumb/v7e-m+fp/hard\libnosys.a
END GROUP
START GROUP
LOAD d:/stm32cubeide_1.12.1/stm32cubeide/plugins/com.st.stm32cube.ide.mcu.externaltools.gnu-tools-for-stm32.10.3-2021.10.win32_1.0.200.202301161003/tools/bin/../lib/gcc/arm-none-eabi/10.3.1/thumb/v7e-m+fp/hard\libgcc.a
LOAD d:/stm32cubeide_1.12.1/stm32cubeide/plugins/com.st.stm32cube.ide.mcu.externaltools.gnu-tools-for-stm32.10.3-2021.10.win32_1.0.200.202301161003/tools/bin/../lib/gcc/arm-none-eabi/10.3.1/../../../../arm-none-eabi/lib/thumb/v7e-m+fp/hard\libc_nano.a
LOAD d:/stm32cubeide_1.12.1/stm32cubeide/plugins/com.st.stm32cube.ide.mcu.externaltools.gnu-tools-for-stm32.10.3-2021.10.win32_1.0.200.202301161003/tools/bin/../lib/gcc/arm-none-eabi/10.3.1/../../../../arm-none-eabi/lib/thumb/v7e-m+fp/hard\libnosys.a
END GROUP
LOAD d:/stm32cubeide_1.12.1/stm32cubeide/plugins/com.st.stm32cube.ide.mcu.externaltools.gnu-tools-for-stm32.10.3-2021.10.win32_1.0.200.202301161003/tools/bin/../lib/gcc/arm-none-eabi/10.3.1/thumb/v7e-m+fp/hard/crtend.o
LOAD d:/stm32cubeide_1.12.1/stm32cubeide/plugins/com.st.stm32cube.ide.mcu.externaltools.gnu-tools-for-stm32.10.3-2021.10.win32_1.0.200.202301161003/tools/bin/../lib/gcc/arm-none-eabi/10.3.1/thumb/v7e-m+fp/hard/crtn.o
                0x0000000020020000                _estack = (ORIGIN (RAM) + LENGTH (RAM))
                0x0000000000002000                _Min_Heap_Size = 0x2000
                0x0000000000002000                _Min_Stack_Size = 0x2000

.isr_vector     0x0000000008000000      0x188
                0x0000000008000000                . = ALIGN (0x4)
 *(.isr_vector)
 .isr_vector    0x0000000008000000      0x188 ./Core/Startup/startup_stm32f407vgtx.o
                0x0000000008000000                g_pfnVectors
                0x0000000008000188                . = ALIGN (0x4)

.text           0x0000000008000190    0x11ed0
                0x0000000008000190                . = ALIGN (0x4)
 *(.text)
 .text          0x0000000008000190       0x40 d:/stm32cubeide_1.12.1/stm32cubeide/plugins/com.st.stm32cube.ide.mcu.externaltools.gnu-tools-for-stm32.10.3-2021.10.win32_1.0.200.202301161003/tools/bin/../lib/gcc/arm-none-eabi/10.3.1/thumb/v7e-m+fp/hard/crtbegin.o
 .text          0x00000000080001d0       0x10 d:/stm32cubeide_1.12.1/stm32cubeide/plugins/com.st.stm32cube.ide.mcu.externaltools.gnu-tools-for-stm32.10.3-2021.10.win32_1.0.200.202301161003/tools/bin/../lib/gcc/arm-none-eabi/10.3.1/../../../../arm-none-eabi/lib/thumb/v7e-m+fp/hard\libc_nano.a(lib_a-strlen.o)
                0x00000000080001d0                strlen
 .text          0x00000000080001e0       0xa0 d:/stm32cubeide_1.12.1/stm32cubeide/plugins/com.st.stm32cube.ide.mcu.externaltools.gnu-tools-for-stm32.10.3-2021.10.win32_1.0.200.202301161003/tools/bin/../lib/gcc/arm-none-eabi/10.3.1/../../../../arm-none-eabi/lib/thumb/v7e-m+fp/hard\libc_nano.a(lib_a-memchr.o)
                0x00000000080001e0                memchr
 .text          0x0000000008000280       0x30 d:/stm32cubeide_1.12.1/stm32cubeide/plugins/com.st.stm32cube.ide.mcu.externaltools.gnu-tools-for-stm32.10.3-2021.10.win32_1.0.200.202301161003/tools/bin/../lib/gcc/arm-none-eabi/10.3.1/thumb/v7e-m+fp/hard\libgcc.a(_aeabi_uldivmod.o)
                0x0000000008000280                __aeabi_uldivmod
 .text          0x00000000080002b0      0x2d0 d:/stm32cubeide_1.12.1/stm32cubeide/plugins/com.st.stm32cube.ide.mcu.externaltools.gnu-tools-for-stm32.10.3-2021.10.win32_1.0.200.202301161003/tools/bin/../lib/gcc/arm-none-eabi/10.3.1/thumb/v7e-m+fp/hard\libgcc.a(_udivmoddi4.o)
                0x00000000080002b0                __udivmoddi4
 .text          0x0000000008000580        0x4 d:/stm32cubeide_1.12.1/stm32cubeide/plugins/com.st.stm32cube.ide.mcu.externaltools.gnu-tools-for-stm32.10.3-2021.10.win32_1.0.200.202301161003/tools/bin/../lib/gcc/arm-none-eabi/10.3.1/thumb/v7e-m+fp/hard\libgcc.a(_dvmd_tls.o)
                0x0000000008000580                __aeabi_idiv0
                0x0000000008000580                __aeabi_ldiv0
 *(.text*)
 .text.write_register
                0x0000000008000584       0x34 ./Audio/MY_CS43L22.o
 .text.read_register
                0x00000000080005b8       0x40 ./Audio/MY_CS43L22.o
 .text.CS43_Init
                0x00000000080005f8      0x20c ./Audio/MY_CS43L22.o
                0x00000000080005f8                CS43_Init
 .text.CS43_Enable_RightLeft
                0x0000000008000804       0x94 ./Audio/MY_CS43L22.o
                0x0000000008000804                CS43_Enable_RightLeft
 .text.CS43_SetVolume
                0x0000000008000898       0x36 ./Audio/MY_CS43L22.o
                0x0000000008000898                CS43_SetVolume
 .text.CS43_SetMute
                0x00000000080008ce       0x7e ./Audio/MY_CS43L22.o
                0x00000000080008ce                CS43_SetMute
 .text.CS43_Start
                0x000000000800094c       0x98 ./Audio/MY_CS43L22.o
                0x000000000800094c                CS43_Start
 .text.CS43_Stop
                0x00000000080009e4       0x34 ./Audio/MY_CS43L22.o
                0x00000000080009e4                CS43_Stop
 .text.audioI2S_pllClockConfig
                0x0000000008000a18       0x98 ./Audio/audioI2S.o
 .text.I2S3_freqUpdate
                0x0000000008000ab0       0x88 ./Audio/audioI2S.o
 .text.audioI2S_setHandle
                0x0000000008000b38       0x20 ./Audio/audioI2S.o
                0x0000000008000b38                audioI2S_setHandle
 .text.audioI2S_init
                0x0000000008000b58       0x1e ./Audio/audioI2S.o
                0x0000000008000b58                audioI2S_init
 *fill*         0x0000000008000b76        0x2 
 .text.audioI2S_play
                0x0000000008000b78       0x3c ./Audio/audioI2S.o
                0x0000000008000b78                audioI2S_play
 .text.audioI2S_stop
                0x0000000008000bb4       0x1c ./Audio/audioI2S.o
                0x0000000008000bb4                audioI2S_stop
 .text.HAL_I2S_TxCpltCallback
                0x0000000008000bd0       0x24 ./Audio/audioI2S.o
                0x0000000008000bd0                HAL_I2S_TxCpltCallback
 .text.HAL_I2S_TxHalfCpltCallback
                0x0000000008000bf4       0x24 ./Audio/audioI2S.o
                0x0000000008000bf4                HAL_I2S_TxHalfCpltCallback
 .text.wavPlayer_reset
                0x0000000008000c18       0x24 ./Audio/wav_player.o
 .text.wavPlayer_fileSelect
                0x0000000008000c3c       0x54 ./Audio/wav_player.o
                0x0000000008000c3c                wavPlayer_fileSelect
 .text.wavPlayer_play
                0x0000000008000c90       0x68 ./Audio/wav_player.o
                0x0000000008000c90                wavPlayer_play
 .text.wavPlayer_process
                0x0000000008000cf8       0xe4 ./Audio/wav_player.o
                0x0000000008000cf8                wavPlayer_process
 .text.wavPlayer_stop
                0x0000000008000ddc       0x18 ./Audio/wav_player.o
                0x0000000008000ddc                wavPlayer_stop
 .text.wavPlayer_isFinished
                0x0000000008000df4       0x18 ./Audio/wav_player.o
                0x0000000008000df4                wavPlayer_isFinished
 .text.audioI2S_halfTransfer_Callback
                0x0000000008000e0c       0x18 ./Audio/wav_player.o
                0x0000000008000e0c                audioI2S_halfTransfer_Callback
 .text.audioI2S_fullTransfer_Callback
                0x0000000008000e24       0x18 ./Audio/wav_player.o
                0x0000000008000e24                audioI2S_fullTransfer_Callback
 .text.ITM_SendChar
                0x0000000008000e3c       0x4e ./Core/Src/main.o
 *fill*         0x0000000008000e8a        0x2 
 .text.primarySoundFileName
                0x0000000008000e8c       0x5c ./Core/Src/main.o
                0x0000000008000e8c                primarySoundFileName
 .text._write   0x0000000008000ee8       0x38 ./Core/Src/main.o
                0x0000000008000ee8                _write
 .text.setClickToggle
                0x0000000008000f20       0x30 ./Core/Src/main.o
                0x0000000008000f20                setClickToggle
 .text.changeInstrement
                0x0000000008000f50       0x3c ./Core/Src/main.o
                0x0000000008000f50                changeInstrement
 .text.blinkLeds
                0x0000000008000f8c       0x50 ./Core/Src/main.o
                0x0000000008000f8c                blinkLeds
 .text.setKey   0x0000000008000fdc       0x24 ./Core/Src/main.o
                0x0000000008000fdc                setKey
 .text.readNewKey
                0x0000000008001000       0x54 ./Core/Src/main.o
                0x0000000008001000                readNewKey
 .text.bodyHeaderFile
                0x0000000008001054       0x9c ./Core/Src/main.o
                0x0000000008001054                bodyHeaderFile
 .text.UsbFile_Read
                0x00000000080010f0       0x88 ./Core/Src/main.o
                0x00000000080010f0                UsbFile_Read
 .text.changeMode
                0x0000000008001178       0x3c ./Core/Src/main.o
                0x0000000008001178                changeMode
 .text.main     0x00000000080011b4      0x1f4 ./Core/Src/main.o
                0x00000000080011b4                main
 .text.SystemClock_Config
                0x00000000080013a8       0xd4 ./Core/Src/main.o
                0x00000000080013a8                SystemClock_Config
 .text.MX_I2C1_Init
                0x000000000800147c       0x5c ./Core/Src/main.o
 .text.MX_I2S3_Init
                0x00000000080014d8       0x5c ./Core/Src/main.o
 .text.MX_TIM6_Init
                0x0000000008001534       0x6c ./Core/Src/main.o
 .text.MX_DMA_Init
                0x00000000080015a0       0x40 ./Core/Src/main.o
 .text.MX_GPIO_Init
                0x00000000080015e0      0x204 ./Core/Src/main.o
 .text.Error_Handler
                0x00000000080017e4        0xa ./Core/Src/main.o
                0x00000000080017e4                Error_Handler
 *fill*         0x00000000080017ee        0x2 
 .text.HAL_MspInit
                0x00000000080017f0       0x50 ./Core/Src/stm32f4xx_hal_msp.o
                0x00000000080017f0                HAL_MspInit
 .text.HAL_I2C_MspInit
                0x0000000008001840       0x90 ./Core/Src/stm32f4xx_hal_msp.o
                0x0000000008001840                HAL_I2C_MspInit
 .text.HAL_I2S_MspInit
                0x00000000080018d0      0x17c ./Core/Src/stm32f4xx_hal_msp.o
                0x00000000080018d0                HAL_I2S_MspInit
 .text.HAL_TIM_Base_MspInit
                0x0000000008001a4c       0x50 ./Core/Src/stm32f4xx_hal_msp.o
                0x0000000008001a4c                HAL_TIM_Base_MspInit
 .text.NMI_Handler
                0x0000000008001a9c        0x6 ./Core/Src/stm32f4xx_it.o
                0x0000000008001a9c                NMI_Handler
 .text.HardFault_Handler
                0x0000000008001aa2        0x6 ./Core/Src/stm32f4xx_it.o
                0x0000000008001aa2                HardFault_Handler
 .text.MemManage_Handler
                0x0000000008001aa8        0x6 ./Core/Src/stm32f4xx_it.o
                0x0000000008001aa8                MemManage_Handler
 .text.BusFault_Handler
                0x0000000008001aae        0x6 ./Core/Src/stm32f4xx_it.o
                0x0000000008001aae                BusFault_Handler
 .text.UsageFault_Handler
                0x0000000008001ab4        0x6 ./Core/Src/stm32f4xx_it.o
                0x0000000008001ab4                UsageFault_Handler
 .text.SVC_Handler
                0x0000000008001aba        0xe ./Core/Src/stm32f4xx_it.o
                0x0000000008001aba                SVC_Handler
 .text.DebugMon_Handler
                0x0000000008001ac8        0xe ./Core/Src/stm32f4xx_it.o
                0x0000000008001ac8                DebugMon_Handler
 .text.PendSV_Handler
                0x0000000008001ad6        0xe ./Core/Src/stm32f4xx_it.o
                0x0000000008001ad6                PendSV_Handler
 .text.SysTick_Handler
                0x0000000008001ae4        0xc ./Core/Src/stm32f4xx_it.o
                0x0000000008001ae4                SysTick_Handler
 .text.EXTI0_IRQHandler
                0x0000000008001af0       0x12 ./Core/Src/stm32f4xx_it.o
                0x0000000008001af0                EXTI0_IRQHandler
 .text.EXTI1_IRQHandler
                0x0000000008001b02       0x14 ./Core/Src/stm32f4xx_it.o
                0x0000000008001b02                EXTI1_IRQHandler
 .text.EXTI2_IRQHandler
                0x0000000008001b16       0x14 ./Core/Src/stm32f4xx_it.o
                0x0000000008001b16                EXTI2_IRQHandler
 .text.EXTI3_IRQHandler
                0x0000000008001b2a       0x14 ./Core/Src/stm32f4xx_it.o
                0x0000000008001b2a                EXTI3_IRQHandler
 .text.EXTI4_IRQHandler
                0x0000000008001b3e       0x14 ./Core/Src/stm32f4xx_it.o
                0x0000000008001b3e                EXTI4_IRQHandler
 *fill*         0x0000000008001b52        0x2 
 .text.DMA1_Stream5_IRQHandler
                0x0000000008001b54       0x14 ./Core/Src/stm32f4xx_it.o
                0x0000000008001b54                DMA1_Stream5_IRQHandler
 .text.EXTI9_5_IRQHandler
                0x0000000008001b68       0x98 ./Core/Src/stm32f4xx_it.o
                0x0000000008001b68                EXTI9_5_IRQHandler
 .text.TIM6_DAC_IRQHandler
                0x0000000008001c00       0x24 ./Core/Src/stm32f4xx_it.o
                0x0000000008001c00                TIM6_DAC_IRQHandler
 .text.OTG_FS_IRQHandler
                0x0000000008001c24       0x14 ./Core/Src/stm32f4xx_it.o
                0x0000000008001c24                OTG_FS_IRQHandler
 .text._read    0x0000000008001c38       0x3a ./Core/Src/syscalls.o
                0x0000000008001c38                _read
 .text._close   0x0000000008001c72       0x18 ./Core/Src/syscalls.o
                0x0000000008001c72                _close
 .text._fstat   0x0000000008001c8a       0x20 ./Core/Src/syscalls.o
                0x0000000008001c8a                _fstat
 .text._isatty  0x0000000008001caa       0x16 ./Core/Src/syscalls.o
                0x0000000008001caa                _isatty
 .text._lseek   0x0000000008001cc0       0x1a ./Core/Src/syscalls.o
                0x0000000008001cc0                _lseek
 *fill*         0x0000000008001cda        0x2 
 .text._sbrk    0x0000000008001cdc       0x6c ./Core/Src/sysmem.o
                0x0000000008001cdc                _sbrk
 .text.SystemInit
                0x0000000008001d48       0x24 ./Core/Src/system_stm32f4xx.o
                0x0000000008001d48                SystemInit
 .text.Reset_Handler
                0x0000000008001d6c       0x50 ./Core/Startup/startup_stm32f407vgtx.o
                0x0000000008001d6c                Reset_Handler
 .text.Default_Handler
                0x0000000008001dbc        0x2 ./Core/Startup/startup_stm32f407vgtx.o
                0x0000000008001dbc                RTC_Alarm_IRQHandler
                0x0000000008001dbc                HASH_RNG_IRQHandler
                0x0000000008001dbc                TIM8_CC_IRQHandler
                0x0000000008001dbc                TIM1_CC_IRQHandler
                0x0000000008001dbc                DMA2_Stream5_IRQHandler
                0x0000000008001dbc                PVD_IRQHandler
                0x0000000008001dbc                SDIO_IRQHandler
                0x0000000008001dbc                TAMP_STAMP_IRQHandler
                0x0000000008001dbc                CAN2_RX1_IRQHandler
                0x0000000008001dbc                TIM8_TRG_COM_TIM14_IRQHandler
                0x0000000008001dbc                TIM1_UP_TIM10_IRQHandler
                0x0000000008001dbc                TIM8_UP_TIM13_IRQHandler
                0x0000000008001dbc                I2C3_ER_IRQHandler
                0x0000000008001dbc                I2C2_EV_IRQHandler
                0x0000000008001dbc                DMA1_Stream2_IRQHandler
                0x0000000008001dbc                CAN1_RX0_IRQHandler
                0x0000000008001dbc                FPU_IRQHandler
                0x0000000008001dbc                OTG_HS_WKUP_IRQHandler
                0x0000000008001dbc                CAN2_SCE_IRQHandler
                0x0000000008001dbc                DMA2_Stream2_IRQHandler
                0x0000000008001dbc                SPI1_IRQHandler
                0x0000000008001dbc                TIM1_BRK_TIM9_IRQHandler
                0x0000000008001dbc                DCMI_IRQHandler
                0x0000000008001dbc                CAN2_RX0_IRQHandler
                0x0000000008001dbc                DMA2_Stream3_IRQHandler
                0x0000000008001dbc                USART6_IRQHandler
                0x0000000008001dbc                USART3_IRQHandler
                0x0000000008001dbc                CAN1_RX1_IRQHandler
                0x0000000008001dbc                UART5_IRQHandler
                0x0000000008001dbc                DMA2_Stream0_IRQHandler
                0x0000000008001dbc                TIM4_IRQHandler
                0x0000000008001dbc                I2C1_EV_IRQHandler
                0x0000000008001dbc                DMA1_Stream6_IRQHandler
                0x0000000008001dbc                DMA1_Stream1_IRQHandler
                0x0000000008001dbc                UART4_IRQHandler
                0x0000000008001dbc                TIM3_IRQHandler
                0x0000000008001dbc                RCC_IRQHandler
                0x0000000008001dbc                TIM8_BRK_TIM12_IRQHandler
                0x0000000008001dbc                Default_Handler
                0x0000000008001dbc                EXTI15_10_IRQHandler
                0x0000000008001dbc                ADC_IRQHandler
                0x0000000008001dbc                DMA1_Stream7_IRQHandler
                0x0000000008001dbc                TIM7_IRQHandler
                0x0000000008001dbc                CAN2_TX_IRQHandler
                0x0000000008001dbc                TIM5_IRQHandler
                0x0000000008001dbc                DMA2_Stream7_IRQHandler
                0x0000000008001dbc                I2C3_EV_IRQHandler
                0x0000000008001dbc                RTC_WKUP_IRQHandler
                0x0000000008001dbc                ETH_WKUP_IRQHandler
                0x0000000008001dbc                SPI2_IRQHandler
                0x0000000008001dbc                OTG_HS_EP1_IN_IRQHandler
                0x0000000008001dbc                DMA1_Stream0_IRQHandler
                0x0000000008001dbc                CAN1_TX_IRQHandler
                0x0000000008001dbc                FSMC_IRQHandler
                0x0000000008001dbc                ETH_IRQHandler
                0x0000000008001dbc                OTG_HS_EP1_OUT_IRQHandler
                0x0000000008001dbc                WWDG_IRQHandler
                0x0000000008001dbc                TIM2_IRQHandler
                0x0000000008001dbc                OTG_FS_WKUP_IRQHandler
                0x0000000008001dbc                TIM1_TRG_COM_TIM11_IRQHandler
                0x0000000008001dbc                OTG_HS_IRQHandler
                0x0000000008001dbc                USART2_IRQHandler
                0x0000000008001dbc                I2C2_ER_IRQHandler
                0x0000000008001dbc                DMA2_Stream1_IRQHandler
                0x0000000008001dbc                CAN1_SCE_IRQHandler
                0x0000000008001dbc                FLASH_IRQHandler
                0x0000000008001dbc                DMA2_Stream4_IRQHandler
                0x0000000008001dbc                USART1_IRQHandler
                0x0000000008001dbc                SPI3_IRQHandler
                0x0000000008001dbc                DMA1_Stream4_IRQHandler
                0x0000000008001dbc                I2C1_ER_IRQHandler
                0x0000000008001dbc                DMA2_Stream6_IRQHandler
                0x0000000008001dbc                DMA1_Stream3_IRQHandler
 *fill*         0x0000000008001dbe        0x2 
 .text.HAL_Init
                0x0000000008001dc0       0x44 ./Drivers/STM32F4xx_HAL_Driver/Src/stm32f4xx_hal.o
                0x0000000008001dc0                HAL_Init
 .text.HAL_InitTick
                0x0000000008001e04       0x60 ./Drivers/STM32F4xx_HAL_Driver/Src/stm32f4xx_hal.o
                0x0000000008001e04                HAL_InitTick
 .text.HAL_IncTick
                0x0000000008001e64       0x28 ./Drivers/STM32F4xx_HAL_Driver/Src/stm32f4xx_hal.o
                0x0000000008001e64                HAL_IncTick
 .text.HAL_GetTick
                0x0000000008001e8c       0x18 ./Drivers/STM32F4xx_HAL_Driver/Src/stm32f4xx_hal.o
                0x0000000008001e8c                HAL_GetTick
 .text.HAL_Delay
                0x0000000008001ea4       0x48 ./Drivers/STM32F4xx_HAL_Driver/Src/stm32f4xx_hal.o
                0x0000000008001ea4                HAL_Delay
 .text.__NVIC_SetPriorityGrouping
                0x0000000008001eec       0x48 ./Drivers/STM32F4xx_HAL_Driver/Src/stm32f4xx_hal_cortex.o
 .text.__NVIC_GetPriorityGrouping
                0x0000000008001f34       0x1c ./Drivers/STM32F4xx_HAL_Driver/Src/stm32f4xx_hal_cortex.o
 .text.__NVIC_EnableIRQ
                0x0000000008001f50       0x3c ./Drivers/STM32F4xx_HAL_Driver/Src/stm32f4xx_hal_cortex.o
 .text.__NVIC_SetPriority
                0x0000000008001f8c       0x54 ./Drivers/STM32F4xx_HAL_Driver/Src/stm32f4xx_hal_cortex.o
 .text.NVIC_EncodePriority
                0x0000000008001fe0       0x66 ./Drivers/STM32F4xx_HAL_Driver/Src/stm32f4xx_hal_cortex.o
 *fill*         0x0000000008002046        0x2 
 .text.SysTick_Config
                0x0000000008002048       0x44 ./Drivers/STM32F4xx_HAL_Driver/Src/stm32f4xx_hal_cortex.o
 .text.HAL_NVIC_SetPriorityGrouping
                0x000000000800208c       0x16 ./Drivers/STM32F4xx_HAL_Driver/Src/stm32f4xx_hal_cortex.o
                0x000000000800208c                HAL_NVIC_SetPriorityGrouping
 .text.HAL_NVIC_SetPriority
                0x00000000080020a2       0x38 ./Drivers/STM32F4xx_HAL_Driver/Src/stm32f4xx_hal_cortex.o
                0x00000000080020a2                HAL_NVIC_SetPriority
 .text.HAL_NVIC_EnableIRQ
                0x00000000080020da       0x1c ./Drivers/STM32F4xx_HAL_Driver/Src/stm32f4xx_hal_cortex.o
                0x00000000080020da                HAL_NVIC_EnableIRQ
 .text.HAL_SYSTICK_Config
                0x00000000080020f6       0x18 ./Drivers/STM32F4xx_HAL_Driver/Src/stm32f4xx_hal_cortex.o
                0x00000000080020f6                HAL_SYSTICK_Config
 *fill*         0x000000000800210e        0x2 
 .text.HAL_DMA_Init
                0x0000000008002110      0x15c ./Drivers/STM32F4xx_HAL_Driver/Src/stm32f4xx_hal_dma.o
                0x0000000008002110                HAL_DMA_Init
 .text.HAL_DMA_Start_IT
                0x000000000800226c       0xb0 ./Drivers/STM32F4xx_HAL_Driver/Src/stm32f4xx_hal_dma.o
                0x000000000800226c                HAL_DMA_Start_IT
 .text.HAL_DMA_Abort
                0x000000000800231c       0xe0 ./Drivers/STM32F4xx_HAL_Driver/Src/stm32f4xx_hal_dma.o
                0x000000000800231c                HAL_DMA_Abort
 .text.HAL_DMA_IRQHandler
                0x00000000080023fc      0x314 ./Drivers/STM32F4xx_HAL_Driver/Src/stm32f4xx_hal_dma.o
                0x00000000080023fc                HAL_DMA_IRQHandler
 .text.DMA_SetConfig
                0x0000000008002710       0x5c ./Drivers/STM32F4xx_HAL_Driver/Src/stm32f4xx_hal_dma.o
 .text.DMA_CalcBaseAndBitshift
                0x000000000800276c       0x6c ./Drivers/STM32F4xx_HAL_Driver/Src/stm32f4xx_hal_dma.o
 .text.DMA_CheckFifoParam
                0x00000000080027d8       0xf8 ./Drivers/STM32F4xx_HAL_Driver/Src/stm32f4xx_hal_dma.o
 .text.HAL_GPIO_Init
                0x00000000080028d0      0x338 ./Drivers/STM32F4xx_HAL_Driver/Src/stm32f4xx_hal_gpio.o
                0x00000000080028d0                HAL_GPIO_Init
 .text.HAL_GPIO_ReadPin
                0x0000000008002c08       0x30 ./Drivers/STM32F4xx_HAL_Driver/Src/stm32f4xx_hal_gpio.o
                0x0000000008002c08                HAL_GPIO_ReadPin
 .text.HAL_GPIO_WritePin
                0x0000000008002c38       0x32 ./Drivers/STM32F4xx_HAL_Driver/Src/stm32f4xx_hal_gpio.o
                0x0000000008002c38                HAL_GPIO_WritePin
 .text.HAL_GPIO_TogglePin
                0x0000000008002c6a       0x34 ./Drivers/STM32F4xx_HAL_Driver/Src/stm32f4xx_hal_gpio.o
                0x0000000008002c6a                HAL_GPIO_TogglePin
 *fill*         0x0000000008002c9e        0x2 
 .text.HAL_GPIO_EXTI_IRQHandler
                0x0000000008002ca0       0x30 ./Drivers/STM32F4xx_HAL_Driver/Src/stm32f4xx_hal_gpio.o
                0x0000000008002ca0                HAL_GPIO_EXTI_IRQHandler
 .text.HAL_GPIO_EXTI_Callback
                0x0000000008002cd0       0x16 ./Drivers/STM32F4xx_HAL_Driver/Src/stm32f4xx_hal_gpio.o
                0x0000000008002cd0                HAL_GPIO_EXTI_Callback
 .text.HAL_HCD_Init
                0x0000000008002ce6       0xc4 ./Drivers/STM32F4xx_HAL_Driver/Src/stm32f4xx_hal_hcd.o
                0x0000000008002ce6                HAL_HCD_Init
 .text.HAL_HCD_HC_Init
                0x0000000008002daa      0x11e ./Drivers/STM32F4xx_HAL_Driver/Src/stm32f4xx_hal_hcd.o
                0x0000000008002daa                HAL_HCD_HC_Init
 .text.HAL_HCD_HC_Halt
                0x0000000008002ec8       0x46 ./Drivers/STM32F4xx_HAL_Driver/Src/stm32f4xx_hal_hcd.o
                0x0000000008002ec8                HAL_HCD_HC_Halt
 *fill*         0x0000000008002f0e        0x2 
 .text.HAL_HCD_HC_SubmitRequest
                0x0000000008002f10      0x2ac ./Drivers/STM32F4xx_HAL_Driver/Src/stm32f4xx_hal_hcd.o
                0x0000000008002f10                HAL_HCD_HC_SubmitRequest
 .text.HAL_HCD_IRQHandler
                0x00000000080031bc      0x216 ./Drivers/STM32F4xx_HAL_Driver/Src/stm32f4xx_hal_hcd.o
                0x00000000080031bc                HAL_HCD_IRQHandler
 .text.HAL_HCD_Start
                0x00000000080033d2       0x46 ./Drivers/STM32F4xx_HAL_Driver/Src/stm32f4xx_hal_hcd.o
                0x00000000080033d2                HAL_HCD_Start
 .text.HAL_HCD_Stop
                0x0000000008003418       0x3a ./Drivers/STM32F4xx_HAL_Driver/Src/stm32f4xx_hal_hcd.o
                0x0000000008003418                HAL_HCD_Stop
 .text.HAL_HCD_ResetPort
                0x0000000008003452       0x1c ./Drivers/STM32F4xx_HAL_Driver/Src/stm32f4xx_hal_hcd.o
                0x0000000008003452                HAL_HCD_ResetPort
 .text.HAL_HCD_HC_GetURBState
                0x000000000800346e       0x28 ./Drivers/STM32F4xx_HAL_Driver/Src/stm32f4xx_hal_hcd.o
                0x000000000800346e                HAL_HCD_HC_GetURBState
 .text.HAL_HCD_HC_GetXferCount
                0x0000000008003496       0x28 ./Drivers/STM32F4xx_HAL_Driver/Src/stm32f4xx_hal_hcd.o
                0x0000000008003496                HAL_HCD_HC_GetXferCount
 .text.HAL_HCD_GetCurrentFrame
                0x00000000080034be       0x1c ./Drivers/STM32F4xx_HAL_Driver/Src/stm32f4xx_hal_hcd.o
                0x00000000080034be                HAL_HCD_GetCurrentFrame
 .text.HAL_HCD_GetCurrentSpeed
                0x00000000080034da       0x1c ./Drivers/STM32F4xx_HAL_Driver/Src/stm32f4xx_hal_hcd.o
                0x00000000080034da                HAL_HCD_GetCurrentSpeed
 .text.HCD_HC_IN_IRQHandler
                0x00000000080034f6      0x6aa ./Drivers/STM32F4xx_HAL_Driver/Src/stm32f4xx_hal_hcd.o
 .text.HCD_HC_OUT_IRQHandler
                0x0000000008003ba0      0x6d2 ./Drivers/STM32F4xx_HAL_Driver/Src/stm32f4xx_hal_hcd.o
 .text.HCD_RXQLVL_IRQHandler
                0x0000000008004272      0x1a4 ./Drivers/STM32F4xx_HAL_Driver/Src/stm32f4xx_hal_hcd.o
 .text.HCD_Port_IRQHandler
                0x0000000008004416       0xe6 ./Drivers/STM32F4xx_HAL_Driver/Src/stm32f4xx_hal_hcd.o
 .text.HAL_I2C_Init
                0x00000000080044fc      0x288 ./Drivers/STM32F4xx_HAL_Driver/Src/stm32f4xx_hal_i2c.o
                0x00000000080044fc                HAL_I2C_Init
 .text.HAL_I2C_Master_Transmit
                0x0000000008004784      0x1fc ./Drivers/STM32F4xx_HAL_Driver/Src/stm32f4xx_hal_i2c.o
                0x0000000008004784                HAL_I2C_Master_Transmit
 .text.HAL_I2C_Master_Receive
                0x0000000008004980      0x44c ./Drivers/STM32F4xx_HAL_Driver/Src/stm32f4xx_hal_i2c.o
                0x0000000008004980                HAL_I2C_Master_Receive
 .text.I2C_MasterRequestWrite
                0x0000000008004dcc      0x104 ./Drivers/STM32F4xx_HAL_Driver/Src/stm32f4xx_hal_i2c.o
 .text.I2C_MasterRequestRead
                0x0000000008004ed0      0x19c ./Drivers/STM32F4xx_HAL_Driver/Src/stm32f4xx_hal_i2c.o
 .text.I2C_WaitOnFlagUntilTimeout
                0x000000000800506c       0xae ./Drivers/STM32F4xx_HAL_Driver/Src/stm32f4xx_hal_i2c.o
 .text.I2C_WaitOnMasterAddressFlagUntilTimeout
                0x000000000800511a       0xfe ./Drivers/STM32F4xx_HAL_Driver/Src/stm32f4xx_hal_i2c.o
 .text.I2C_WaitOnTXEFlagUntilTimeout
                0x0000000008005218       0x82 ./Drivers/STM32F4xx_HAL_Driver/Src/stm32f4xx_hal_i2c.o
 .text.I2C_WaitOnBTFFlagUntilTimeout
                0x000000000800529a       0x82 ./Drivers/STM32F4xx_HAL_Driver/Src/stm32f4xx_hal_i2c.o
 .text.I2C_WaitOnRXNEFlagUntilTimeout
                0x000000000800531c       0xac ./Drivers/STM32F4xx_HAL_Driver/Src/stm32f4xx_hal_i2c.o
 .text.I2C_IsAcknowledgeFailed
                0x00000000080053c8       0x5e ./Drivers/STM32F4xx_HAL_Driver/Src/stm32f4xx_hal_i2c.o
 *fill*         0x0000000008005426        0x2 
 .text.HAL_I2S_Init
                0x0000000008005428      0x280 ./Drivers/STM32F4xx_HAL_Driver/Src/stm32f4xx_hal_i2s.o
                0x0000000008005428                HAL_I2S_Init
 .text.HAL_I2S_Transmit_DMA
                0x00000000080056a8      0x150 ./Drivers/STM32F4xx_HAL_Driver/Src/stm32f4xx_hal_i2s.o
                0x00000000080056a8                HAL_I2S_Transmit_DMA
 .text.HAL_I2S_DMAStop
                0x00000000080057f8      0x3b4 ./Drivers/STM32F4xx_HAL_Driver/Src/stm32f4xx_hal_i2s.o
                0x00000000080057f8                HAL_I2S_DMAStop
 .text.HAL_I2S_RxCpltCallback
                0x0000000008005bac       0x14 ./Drivers/STM32F4xx_HAL_Driver/Src/stm32f4xx_hal_i2s.o
                0x0000000008005bac                HAL_I2S_RxCpltCallback
 .text.HAL_I2S_ErrorCallback
                0x0000000008005bc0       0x14 ./Drivers/STM32F4xx_HAL_Driver/Src/stm32f4xx_hal_i2s.o
                0x0000000008005bc0                HAL_I2S_ErrorCallback
 .text.I2S_DMATxCplt
                0x0000000008005bd4       0x42 ./Drivers/STM32F4xx_HAL_Driver/Src/stm32f4xx_hal_i2s.o
 .text.I2S_DMATxHalfCplt
                0x0000000008005c16       0x1c ./Drivers/STM32F4xx_HAL_Driver/Src/stm32f4xx_hal_i2s.o
 .text.I2S_DMAError
                0x0000000008005c32       0x4c ./Drivers/STM32F4xx_HAL_Driver/Src/stm32f4xx_hal_i2s.o
 .text.I2S_Transmit_IT
                0x0000000008005c7e       0x5c ./Drivers/STM32F4xx_HAL_Driver/Src/stm32f4xx_hal_i2s.o
 .text.I2S_Receive_IT
                0x0000000008005cda       0x5e ./Drivers/STM32F4xx_HAL_Driver/Src/stm32f4xx_hal_i2s.o
 .text.I2S_IRQHandler
                0x0000000008005d38      0x114 ./Drivers/STM32F4xx_HAL_Driver/Src/stm32f4xx_hal_i2s.o
 .text.I2S_WaitFlagStateUntilTimeout
                0x0000000008005e4c       0x72 ./Drivers/STM32F4xx_HAL_Driver/Src/stm32f4xx_hal_i2s.o
 *fill*         0x0000000008005ebe        0x2 
 .text.HAL_I2SEx_FullDuplex_IRQHandler
                0x0000000008005ec0      0x2a8 ./Drivers/STM32F4xx_HAL_Driver/Src/stm32f4xx_hal_i2s_ex.o
                0x0000000008005ec0                HAL_I2SEx_FullDuplex_IRQHandler
 .text.HAL_I2SEx_TxRxCpltCallback
                0x0000000008006168       0x14 ./Drivers/STM32F4xx_HAL_Driver/Src/stm32f4xx_hal_i2s_ex.o
                0x0000000008006168                HAL_I2SEx_TxRxCpltCallback
 .text.I2SEx_TxISR_I2S
                0x000000000800617c       0x62 ./Drivers/STM32F4xx_HAL_Driver/Src/stm32f4xx_hal_i2s_ex.o
 *fill*         0x00000000080061de        0x2 
 .text.I2SEx_TxISR_I2SExt
                0x00000000080061e0       0x98 ./Drivers/STM32F4xx_HAL_Driver/Src/stm32f4xx_hal_i2s_ex.o
 .text.I2SEx_RxISR_I2S
                0x0000000008006278       0x64 ./Drivers/STM32F4xx_HAL_Driver/Src/stm32f4xx_hal_i2s_ex.o
 .text.I2SEx_RxISR_I2SExt
                0x00000000080062dc       0x98 ./Drivers/STM32F4xx_HAL_Driver/Src/stm32f4xx_hal_i2s_ex.o
 .text.HAL_RCC_OscConfig
                0x0000000008006374      0x4f0 ./Drivers/STM32F4xx_HAL_Driver/Src/stm32f4xx_hal_rcc.o
                0x0000000008006374                HAL_RCC_OscConfig
 .text.HAL_RCC_ClockConfig
                0x0000000008006864      0x1cc ./Drivers/STM32F4xx_HAL_Driver/Src/stm32f4xx_hal_rcc.o
                0x0000000008006864                HAL_RCC_ClockConfig
 .text.HAL_RCC_GetSysClockFreq
                0x0000000008006a30      0x20c ./Drivers/STM32F4xx_HAL_Driver/Src/stm32f4xx_hal_rcc.o
                0x0000000008006a30                HAL_RCC_GetSysClockFreq
 .text.HAL_RCC_GetHCLKFreq
                0x0000000008006c3c       0x18 ./Drivers/STM32F4xx_HAL_Driver/Src/stm32f4xx_hal_rcc.o
                0x0000000008006c3c                HAL_RCC_GetHCLKFreq
 .text.HAL_RCC_GetPCLK1Freq
                0x0000000008006c54       0x28 ./Drivers/STM32F4xx_HAL_Driver/Src/stm32f4xx_hal_rcc.o
                0x0000000008006c54                HAL_RCC_GetPCLK1Freq
 .text.HAL_RCCEx_PeriphCLKConfig
                0x0000000008006c7c      0x1c4 ./Drivers/STM32F4xx_HAL_Driver/Src/stm32f4xx_hal_rcc_ex.o
                0x0000000008006c7c                HAL_RCCEx_PeriphCLKConfig
 .text.HAL_RCCEx_GetPeriphCLKConfig
                0x0000000008006e40       0x58 ./Drivers/STM32F4xx_HAL_Driver/Src/stm32f4xx_hal_rcc_ex.o
                0x0000000008006e40                HAL_RCCEx_GetPeriphCLKConfig
 .text.HAL_RCCEx_GetPeriphCLKFreq
                0x0000000008006e98       0xbc ./Drivers/STM32F4xx_HAL_Driver/Src/stm32f4xx_hal_rcc_ex.o
                0x0000000008006e98                HAL_RCCEx_GetPeriphCLKFreq
 .text.HAL_TIM_Base_Init
                0x0000000008006f54       0x9e ./Drivers/STM32F4xx_HAL_Driver/Src/stm32f4xx_hal_tim.o
                0x0000000008006f54                HAL_TIM_Base_Init
 *fill*         0x0000000008006ff2        0x2 
 .text.HAL_TIM_Base_Start_IT
                0x0000000008006ff4       0xe0 ./Drivers/STM32F4xx_HAL_Driver/Src/stm32f4xx_hal_tim.o
                0x0000000008006ff4                HAL_TIM_Base_Start_IT
 .text.HAL_TIM_Base_Stop_IT
                0x00000000080070d4       0x5e ./Drivers/STM32F4xx_HAL_Driver/Src/stm32f4xx_hal_tim.o
                0x00000000080070d4                HAL_TIM_Base_Stop_IT
 .text.HAL_TIM_IRQHandler
                0x0000000008007132      0x210 ./Drivers/STM32F4xx_HAL_Driver/Src/stm32f4xx_hal_tim.o
                0x0000000008007132                HAL_TIM_IRQHandler
 .text.HAL_TIM_PeriodElapsedCallback
                0x0000000008007342       0x14 ./Drivers/STM32F4xx_HAL_Driver/Src/stm32f4xx_hal_tim.o
                0x0000000008007342                HAL_TIM_PeriodElapsedCallback
 .text.HAL_TIM_OC_DelayElapsedCallback
                0x0000000008007356       0x14 ./Drivers/STM32F4xx_HAL_Driver/Src/stm32f4xx_hal_tim.o
                0x0000000008007356                HAL_TIM_OC_DelayElapsedCallback
 .text.HAL_TIM_IC_CaptureCallback
                0x000000000800736a       0x14 ./Drivers/STM32F4xx_HAL_Driver/Src/stm32f4xx_hal_tim.o
                0x000000000800736a                HAL_TIM_IC_CaptureCallback
 .text.HAL_TIM_PWM_PulseFinishedCallback
                0x000000000800737e       0x14 ./Drivers/STM32F4xx_HAL_Driver/Src/stm32f4xx_hal_tim.o
                0x000000000800737e                HAL_TIM_PWM_PulseFinishedCallback
 .text.HAL_TIM_TriggerCallback
                0x0000000008007392       0x14 ./Drivers/STM32F4xx_HAL_Driver/Src/stm32f4xx_hal_tim.o
                0x0000000008007392                HAL_TIM_TriggerCallback
 *fill*         0x00000000080073a6        0x2 
 .text.TIM_Base_SetConfig
                0x00000000080073a8      0x140 ./Drivers/STM32F4xx_HAL_Driver/Src/stm32f4xx_hal_tim.o
                0x00000000080073a8                TIM_Base_SetConfig
 .text.HAL_TIMEx_MasterConfigSynchronization
                0x00000000080074e8       0xf8 ./Drivers/STM32F4xx_HAL_Driver/Src/stm32f4xx_hal_tim_ex.o
                0x00000000080074e8                HAL_TIMEx_MasterConfigSynchronization
 .text.HAL_TIMEx_CommutCallback
                0x00000000080075e0       0x14 ./Drivers/STM32F4xx_HAL_Driver/Src/stm32f4xx_hal_tim_ex.o
                0x00000000080075e0                HAL_TIMEx_CommutCallback
 .text.HAL_TIMEx_BreakCallback
                0x00000000080075f4       0x14 ./Drivers/STM32F4xx_HAL_Driver/Src/stm32f4xx_hal_tim_ex.o
                0x00000000080075f4                HAL_TIMEx_BreakCallback
 .text.USB_CoreInit
                0x0000000008007608       0xc2 ./Drivers/STM32F4xx_HAL_Driver/Src/stm32f4xx_ll_usb.o
                0x0000000008007608                USB_CoreInit
 .text.USB_EnableGlobalInt
                0x00000000080076ca       0x22 ./Drivers/STM32F4xx_HAL_Driver/Src/stm32f4xx_ll_usb.o
                0x00000000080076ca                USB_EnableGlobalInt
 .text.USB_DisableGlobalInt
                0x00000000080076ec       0x22 ./Drivers/STM32F4xx_HAL_Driver/Src/stm32f4xx_ll_usb.o
                0x00000000080076ec                USB_DisableGlobalInt
 .text.USB_SetCurrentMode
                0x000000000800770e       0x98 ./Drivers/STM32F4xx_HAL_Driver/Src/stm32f4xx_ll_usb.o
                0x000000000800770e                USB_SetCurrentMode
 *fill*         0x00000000080077a6        0x2 
 .text.USB_FlushTxFifo
                0x00000000080077a8       0x68 ./Drivers/STM32F4xx_HAL_Driver/Src/stm32f4xx_ll_usb.o
                0x00000000080077a8                USB_FlushTxFifo
 .text.USB_FlushRxFifo
                0x0000000008007810       0x60 ./Drivers/STM32F4xx_HAL_Driver/Src/stm32f4xx_ll_usb.o
                0x0000000008007810                USB_FlushRxFifo
 .text.USB_WritePacket
                0x0000000008007870       0x7c ./Drivers/STM32F4xx_HAL_Driver/Src/stm32f4xx_ll_usb.o
                0x0000000008007870                USB_WritePacket
 .text.USB_ReadPacket
                0x00000000080078ec       0xb0 ./Drivers/STM32F4xx_HAL_Driver/Src/stm32f4xx_ll_usb.o
                0x00000000080078ec                USB_ReadPacket
 .text.USB_ReadInterrupts
                0x000000000800799c       0x26 ./Drivers/STM32F4xx_HAL_Driver/Src/stm32f4xx_ll_usb.o
                0x000000000800799c                USB_ReadInterrupts
 .text.USB_GetMode
                0x00000000080079c2       0x1c ./Drivers/STM32F4xx_HAL_Driver/Src/stm32f4xx_ll_usb.o
                0x00000000080079c2                USB_GetMode
 *fill*         0x00000000080079de        0x2 
 .text.USB_CoreReset
                0x00000000080079e0       0x68 ./Drivers/STM32F4xx_HAL_Driver/Src/stm32f4xx_ll_usb.o
 .text.USB_HostInit
                0x0000000008007a48      0x180 ./Drivers/STM32F4xx_HAL_Driver/Src/stm32f4xx_ll_usb.o
                0x0000000008007a48                USB_HostInit
 .text.USB_InitFSLSPClkSel
                0x0000000008007bc8       0x74 ./Drivers/STM32F4xx_HAL_Driver/Src/stm32f4xx_ll_usb.o
                0x0000000008007bc8                USB_InitFSLSPClkSel
 .text.USB_ResetPort
                0x0000000008007c3c       0x54 ./Drivers/STM32F4xx_HAL_Driver/Src/stm32f4xx_ll_usb.o
                0x0000000008007c3c                USB_ResetPort
 .text.USB_DriveVbus
                0x0000000008007c90       0x72 ./Drivers/STM32F4xx_HAL_Driver/Src/stm32f4xx_ll_usb.o
                0x0000000008007c90                USB_DriveVbus
 .text.USB_GetHostSpeed
                0x0000000008007d02       0x2e ./Drivers/STM32F4xx_HAL_Driver/Src/stm32f4xx_ll_usb.o
                0x0000000008007d02                USB_GetHostSpeed
 .text.USB_GetCurrentFrame
                0x0000000008007d30       0x22 ./Drivers/STM32F4xx_HAL_Driver/Src/stm32f4xx_ll_usb.o
                0x0000000008007d30                USB_GetCurrentFrame
 *fill*         0x0000000008007d52        0x2 
 .text.USB_HC_Init
                0x0000000008007d54      0x244 ./Drivers/STM32F4xx_HAL_Driver/Src/stm32f4xx_ll_usb.o
                0x0000000008007d54                USB_HC_Init
 .text.USB_HC_StartXfer
                0x0000000008007f98      0x284 ./Drivers/STM32F4xx_HAL_Driver/Src/stm32f4xx_ll_usb.o
                0x0000000008007f98                USB_HC_StartXfer
 .text.USB_HC_ReadInterrupt
                0x000000000800821c       0x22 ./Drivers/STM32F4xx_HAL_Driver/Src/stm32f4xx_ll_usb.o
                0x000000000800821c                USB_HC_ReadInterrupt
 .text.USB_HC_Halt
                0x000000000800823e      0x1f8 ./Drivers/STM32F4xx_HAL_Driver/Src/stm32f4xx_ll_usb.o
                0x000000000800823e                USB_HC_Halt
 *fill*         0x0000000008008436        0x2 
 .text.USB_DoPing
                0x0000000008008438       0x78 ./Drivers/STM32F4xx_HAL_Driver/Src/stm32f4xx_ll_usb.o
                0x0000000008008438                USB_DoPing
 .text.USB_StopHost
                0x00000000080084b0      0x124 ./Drivers/STM32F4xx_HAL_Driver/Src/stm32f4xx_ll_usb.o
                0x00000000080084b0                USB_StopHost
 .text.MX_FATFS_Init
                0x00000000080085d4       0x24 ./FATFS/App/fatfs.o
                0x00000000080085d4                MX_FATFS_Init
 .text.get_fattime
                0x00000000080085f8       0x10 ./FATFS/App/fatfs.o
                0x00000000080085f8                get_fattime
 .text.USBH_initialize
                0x0000000008008608       0x18 ./FATFS/Target/usbh_diskio.o
                0x0000000008008608                USBH_initialize
 .text.USBH_status
                0x0000000008008620       0x38 ./FATFS/Target/usbh_diskio.o
                0x0000000008008620                USBH_status
 .text.USBH_read
                0x0000000008008658       0x74 ./FATFS/Target/usbh_diskio.o
                0x0000000008008658                USBH_read
 .text.USBH_write
                0x00000000080086cc       0x84 ./FATFS/Target/usbh_diskio.o
                0x00000000080086cc                USBH_write
 .text.USBH_ioctl
                0x0000000008008750       0xd8 ./FATFS/Target/usbh_diskio.o
                0x0000000008008750                USBH_ioctl
 .text.USBH_MSC_InterfaceInit
                0x0000000008008828      0x244 ./Middlewares/ST/STM32_USB_Host_Library/Class/MSC/Src/usbh_msc.o
 .text.USBH_MSC_InterfaceDeInit
                0x0000000008008a6c       0x8c ./Middlewares/ST/STM32_USB_Host_Library/Class/MSC/Src/usbh_msc.o
 .text.USBH_MSC_ClassRequest
                0x0000000008008af8       0xce ./Middlewares/ST/STM32_USB_Host_Library/Class/MSC/Src/usbh_msc.o
 *fill*         0x0000000008008bc6        0x2 
 .text.USBH_MSC_Process
                0x0000000008008bc8      0x520 ./Middlewares/ST/STM32_USB_Host_Library/Class/MSC/Src/usbh_msc.o
 .text.USBH_MSC_SOFProcess
                0x00000000080090e8       0x16 ./Middlewares/ST/STM32_USB_Host_Library/Class/MSC/Src/usbh_msc.o
 .text.USBH_MSC_RdWrProcess
                0x00000000080090fe      0x19e ./Middlewares/ST/STM32_USB_Host_Library/Class/MSC/Src/usbh_msc.o
 .text.USBH_MSC_UnitIsReady
                0x000000000800929c       0x4c ./Middlewares/ST/STM32_USB_Host_Library/Class/MSC/Src/usbh_msc.o
                0x000000000800929c                USBH_MSC_UnitIsReady
 .text.USBH_MSC_GetLUNInfo
                0x00000000080092e8       0x48 ./Middlewares/ST/STM32_USB_Host_Library/Class/MSC/Src/usbh_msc.o
                0x00000000080092e8                USBH_MSC_GetLUNInfo
 .text.USBH_MSC_Read
                0x0000000008009330       0xd2 ./Middlewares/ST/STM32_USB_Host_Library/Class/MSC/Src/usbh_msc.o
                0x0000000008009330                USBH_MSC_Read
 .text.USBH_MSC_Write
                0x0000000008009402       0xd2 ./Middlewares/ST/STM32_USB_Host_Library/Class/MSC/Src/usbh_msc.o
                0x0000000008009402                USBH_MSC_Write
 .text.USBH_MSC_BOT_REQ_Reset
                0x00000000080094d4       0x3a ./Middlewares/ST/STM32_USB_Host_Library/Class/MSC/Src/usbh_msc_bot.o
                0x00000000080094d4                USBH_MSC_BOT_REQ_Reset
 .text.USBH_MSC_BOT_REQ_GetMaxLUN
                0x000000000800950e       0x3c ./Middlewares/ST/STM32_USB_Host_Library/Class/MSC/Src/usbh_msc_bot.o
                0x000000000800950e                USBH_MSC_BOT_REQ_GetMaxLUN
 *fill*         0x000000000800954a        0x2 
 .text.USBH_MSC_BOT_Init
                0x000000000800954c       0x44 ./Middlewares/ST/STM32_USB_Host_Library/Class/MSC/Src/usbh_msc_bot.o
                0x000000000800954c                USBH_MSC_BOT_Init
 .text.USBH_MSC_BOT_Process
                0x0000000008009590      0x39c ./Middlewares/ST/STM32_USB_Host_Library/Class/MSC/Src/usbh_msc_bot.o
                0x0000000008009590                USBH_MSC_BOT_Process
 .text.USBH_MSC_BOT_Abort
                0x000000000800992c       0x58 ./Middlewares/ST/STM32_USB_Host_Library/Class/MSC/Src/usbh_msc_bot.o
 .text.USBH_MSC_DecodeCSW
                0x0000000008009984       0x88 ./Middlewares/ST/STM32_USB_Host_Library/Class/MSC/Src/usbh_msc_bot.o
 .text.USBH_MSC_SCSI_TestUnitReady
                0x0000000008009a0c       0x86 ./Middlewares/ST/STM32_USB_Host_Library/Class/MSC/Src/usbh_msc_scsi.o
                0x0000000008009a0c                USBH_MSC_SCSI_TestUnitReady
 .text.USBH_MSC_SCSI_ReadCapacity
                0x0000000008009a92       0xf6 ./Middlewares/ST/STM32_USB_Host_Library/Class/MSC/Src/usbh_msc_scsi.o
                0x0000000008009a92                USBH_MSC_SCSI_ReadCapacity
 .text.USBH_MSC_SCSI_Inquiry
                0x0000000008009b88      0x14a ./Middlewares/ST/STM32_USB_Host_Library/Class/MSC/Src/usbh_msc_scsi.o
                0x0000000008009b88                USBH_MSC_SCSI_Inquiry
 .text.USBH_MSC_SCSI_RequestSense
                0x0000000008009cd2       0xf2 ./Middlewares/ST/STM32_USB_Host_Library/Class/MSC/Src/usbh_msc_scsi.o
                0x0000000008009cd2                USBH_MSC_SCSI_RequestSense
 .text.USBH_MSC_SCSI_Write
                0x0000000008009dc4       0xd6 ./Middlewares/ST/STM32_USB_Host_Library/Class/MSC/Src/usbh_msc_scsi.o
                0x0000000008009dc4                USBH_MSC_SCSI_Write
 .text.USBH_MSC_SCSI_Read
                0x0000000008009e9a       0xd6 ./Middlewares/ST/STM32_USB_Host_Library/Class/MSC/Src/usbh_msc_scsi.o
                0x0000000008009e9a                USBH_MSC_SCSI_Read
 .text.USBH_Init
                0x0000000008009f70       0x74 ./Middlewares/ST/STM32_USB_Host_Library/Core/Src/usbh_core.o
                0x0000000008009f70                USBH_Init
 .text.DeInitStateMachine
                0x0000000008009fe4       0xa8 ./Middlewares/ST/STM32_USB_Host_Library/Core/Src/usbh_core.o
 .text.USBH_RegisterClass
                0x000000000800a08c       0x54 ./Middlewares/ST/STM32_USB_Host_Library/Core/Src/usbh_core.o
                0x000000000800a08c                USBH_RegisterClass
 .text.USBH_SelectInterface
                0x000000000800a0e0       0x38 ./Middlewares/ST/STM32_USB_Host_Library/Core/Src/usbh_core.o
                0x000000000800a0e0                USBH_SelectInterface
 .text.USBH_FindInterface
                0x000000000800a118       0x8c ./Middlewares/ST/STM32_USB_Host_Library/Core/Src/usbh_core.o
                0x000000000800a118                USBH_FindInterface
 .text.USBH_Start
                0x000000000800a1a4       0x20 ./Middlewares/ST/STM32_USB_Host_Library/Core/Src/usbh_core.o
                0x000000000800a1a4                USBH_Start
 .text.USBH_Process
                0x000000000800a1c4      0x3d8 ./Middlewares/ST/STM32_USB_Host_Library/Core/Src/usbh_core.o
                0x000000000800a1c4                USBH_Process
 .text.USBH_HandleEnum
                0x000000000800a59c      0x3c8 ./Middlewares/ST/STM32_USB_Host_Library/Core/Src/usbh_core.o
 .text.USBH_LL_SetTimer
                0x000000000800a964       0x1e ./Middlewares/ST/STM32_USB_Host_Library/Core/Src/usbh_core.o
                0x000000000800a964                USBH_LL_SetTimer
 .text.USBH_LL_IncTimer
                0x000000000800a982       0x24 ./Middlewares/ST/STM32_USB_Host_Library/Core/Src/usbh_core.o
                0x000000000800a982                USBH_LL_IncTimer
 .text.USBH_HandleSof
                0x000000000800a9a6       0x30 ./Middlewares/ST/STM32_USB_Host_Library/Core/Src/usbh_core.o
 .text.USBH_LL_PortEnabled
                0x000000000800a9d6       0x1c ./Middlewares/ST/STM32_USB_Host_Library/Core/Src/usbh_core.o
                0x000000000800a9d6                USBH_LL_PortEnabled
 .text.USBH_LL_PortDisabled
                0x000000000800a9f2       0x1c ./Middlewares/ST/STM32_USB_Host_Library/Core/Src/usbh_core.o
                0x000000000800a9f2                USBH_LL_PortDisabled
 .text.USBH_LL_Connect
                0x000000000800aa0e       0x2e ./Middlewares/ST/STM32_USB_Host_Library/Core/Src/usbh_core.o
                0x000000000800aa0e                USBH_LL_Connect
 .text.USBH_LL_Disconnect
                0x000000000800aa3c       0x48 ./Middlewares/ST/STM32_USB_Host_Library/Core/Src/usbh_core.o
                0x000000000800aa3c                USBH_LL_Disconnect
 .text.USBH_Get_DevDesc
                0x000000000800aa84       0x50 ./Middlewares/ST/STM32_USB_Host_Library/Core/Src/usbh_ctlreq.o
                0x000000000800aa84                USBH_Get_DevDesc
 .text.USBH_Get_CfgDesc
                0x000000000800aad4       0x48 ./Middlewares/ST/STM32_USB_Host_Library/Core/Src/usbh_ctlreq.o
                0x000000000800aad4                USBH_Get_CfgDesc
 .text.USBH_Get_StringDesc
                0x000000000800ab1c       0x56 ./Middlewares/ST/STM32_USB_Host_Library/Core/Src/usbh_ctlreq.o
                0x000000000800ab1c                USBH_Get_StringDesc
 .text.USBH_GetDescriptor
                0x000000000800ab72       0x6a ./Middlewares/ST/STM32_USB_Host_Library/Core/Src/usbh_ctlreq.o
                0x000000000800ab72                USBH_GetDescriptor
 .text.USBH_SetAddress
                0x000000000800abdc       0x48 ./Middlewares/ST/STM32_USB_Host_Library/Core/Src/usbh_ctlreq.o
                0x000000000800abdc                USBH_SetAddress
 .text.USBH_SetCfg
                0x000000000800ac24       0x46 ./Middlewares/ST/STM32_USB_Host_Library/Core/Src/usbh_ctlreq.o
                0x000000000800ac24                USBH_SetCfg
 .text.USBH_SetFeature
                0x000000000800ac6a       0x48 ./Middlewares/ST/STM32_USB_Host_Library/Core/Src/usbh_ctlreq.o
                0x000000000800ac6a                USBH_SetFeature
 .text.USBH_ClrFeature
                0x000000000800acb2       0x48 ./Middlewares/ST/STM32_USB_Host_Library/Core/Src/usbh_ctlreq.o
                0x000000000800acb2                USBH_ClrFeature
 .text.USBH_ParseDevDesc
                0x000000000800acfa      0x122 ./Middlewares/ST/STM32_USB_Host_Library/Core/Src/usbh_ctlreq.o
 .text.USBH_ParseCfgDesc
                0x000000000800ae1c      0x1ec ./Middlewares/ST/STM32_USB_Host_Library/Core/Src/usbh_ctlreq.o
 .text.USBH_ParseInterfaceDesc
                0x000000000800b008       0x5e ./Middlewares/ST/STM32_USB_Host_Library/Core/Src/usbh_ctlreq.o
 .text.USBH_ParseEPDesc
                0x000000000800b066      0x14a ./Middlewares/ST/STM32_USB_Host_Library/Core/Src/usbh_ctlreq.o
 .text.USBH_ParseStringDesc
                0x000000000800b1b0       0x66 ./Middlewares/ST/STM32_USB_Host_Library/Core/Src/usbh_ctlreq.o
 .text.USBH_GetNextDesc
                0x000000000800b216       0x36 ./Middlewares/ST/STM32_USB_Host_Library/Core/Src/usbh_ctlreq.o
                0x000000000800b216                USBH_GetNextDesc
 .text.USBH_CtlReq
                0x000000000800b24c       0x7a ./Middlewares/ST/STM32_USB_Host_Library/Core/Src/usbh_ctlreq.o
                0x000000000800b24c                USBH_CtlReq
 *fill*         0x000000000800b2c6        0x2 
 .text.USBH_HandleControl
                0x000000000800b2c8      0x2e8 ./Middlewares/ST/STM32_USB_Host_Library/Core/Src/usbh_ctlreq.o
 .text.USBH_CtlSendSetup
                0x000000000800b5b0       0x34 ./Middlewares/ST/STM32_USB_Host_Library/Core/Src/usbh_ioreq.o
                0x000000000800b5b0                USBH_CtlSendSetup
 .text.USBH_CtlSendData
                0x000000000800b5e4       0x4a ./Middlewares/ST/STM32_USB_Host_Library/Core/Src/usbh_ioreq.o
                0x000000000800b5e4                USBH_CtlSendData
 .text.USBH_CtlReceiveData
                0x000000000800b62e       0x3c ./Middlewares/ST/STM32_USB_Host_Library/Core/Src/usbh_ioreq.o
                0x000000000800b62e                USBH_CtlReceiveData
 .text.USBH_BulkSendData
                0x000000000800b66a       0x4a ./Middlewares/ST/STM32_USB_Host_Library/Core/Src/usbh_ioreq.o
                0x000000000800b66a                USBH_BulkSendData
 .text.USBH_BulkReceiveData
                0x000000000800b6b4       0x3c ./Middlewares/ST/STM32_USB_Host_Library/Core/Src/usbh_ioreq.o
                0x000000000800b6b4                USBH_BulkReceiveData
 .text.USBH_OpenPipe
                0x000000000800b6f0       0x3e ./Middlewares/ST/STM32_USB_Host_Library/Core/Src/usbh_pipes.o
                0x000000000800b6f0                USBH_OpenPipe
 .text.USBH_ClosePipe
                0x000000000800b72e       0x20 ./Middlewares/ST/STM32_USB_Host_Library/Core/Src/usbh_pipes.o
                0x000000000800b72e                USBH_ClosePipe
 .text.USBH_AllocPipe
                0x000000000800b74e       0x42 ./Middlewares/ST/STM32_USB_Host_Library/Core/Src/usbh_pipes.o
                0x000000000800b74e                USBH_AllocPipe
 .text.USBH_FreePipe
                0x000000000800b790       0x3c ./Middlewares/ST/STM32_USB_Host_Library/Core/Src/usbh_pipes.o
                0x000000000800b790                USBH_FreePipe
 .text.USBH_GetFreePipe
                0x000000000800b7cc       0x48 ./Middlewares/ST/STM32_USB_Host_Library/Core/Src/usbh_pipes.o
 .text.disk_status
                0x000000000800b814       0x34 ./Middlewares/Third_Party/FatFs/src/diskio.o
                0x000000000800b814                disk_status
 .text.disk_initialize
                0x000000000800b848       0x4c ./Middlewares/Third_Party/FatFs/src/diskio.o
                0x000000000800b848                disk_initialize
 .text.disk_read
                0x000000000800b894       0x40 ./Middlewares/Third_Party/FatFs/src/diskio.o
                0x000000000800b894                disk_read
 .text.disk_write
                0x000000000800b8d4       0x40 ./Middlewares/Third_Party/FatFs/src/diskio.o
                0x000000000800b8d4                disk_write
 .text.disk_ioctl
                0x000000000800b914       0x3c ./Middlewares/Third_Party/FatFs/src/diskio.o
                0x000000000800b914                disk_ioctl
 .text.ld_word  0x000000000800b950       0x30 ./Middlewares/Third_Party/FatFs/src/ff.o
 .text.ld_dword
                0x000000000800b980       0x46 ./Middlewares/Third_Party/FatFs/src/ff.o
 .text.ld_qword
                0x000000000800b9c6      0x1b6 ./Middlewares/Third_Party/FatFs/src/ff.o
 .text.st_word  0x000000000800bb7c       0x36 ./Middlewares/Third_Party/FatFs/src/ff.o
 .text.st_dword
                0x000000000800bbb2       0x58 ./Middlewares/Third_Party/FatFs/src/ff.o
 .text.st_qword
                0x000000000800bc0a      0x110 ./Middlewares/Third_Party/FatFs/src/ff.o
 .text.mem_cpy  0x000000000800bd1a       0x42 ./Middlewares/Third_Party/FatFs/src/ff.o
 .text.mem_set  0x000000000800bd5c       0x36 ./Middlewares/Third_Party/FatFs/src/ff.o
 .text.mem_cmp  0x000000000800bd92       0x4e ./Middlewares/Third_Party/FatFs/src/ff.o
 .text.chk_chr  0x000000000800bde0       0x36 ./Middlewares/Third_Party/FatFs/src/ff.o
 *fill*         0x000000000800be16        0x2 
 .text.chk_lock
                0x000000000800be18       0xb8 ./Middlewares/Third_Party/FatFs/src/ff.o
 .text.enq_lock
                0x000000000800bed0       0x44 ./Middlewares/Third_Party/FatFs/src/ff.o
 .text.inc_lock
                0x000000000800bf14      0x11c ./Middlewares/Third_Party/FatFs/src/ff.o
 .text.dec_lock
                0x000000000800c030       0x78 ./Middlewares/Third_Party/FatFs/src/ff.o
 .text.clear_lock
                0x000000000800c0a8       0x48 ./Middlewares/Third_Party/FatFs/src/ff.o
 .text.sync_window
                0x000000000800c0f0       0x88 ./Middlewares/Third_Party/FatFs/src/ff.o
 .text.move_window
                0x000000000800c178       0x5a ./Middlewares/Third_Party/FatFs/src/ff.o
 *fill*         0x000000000800c1d2        0x2 
 .text.sync_fs  0x000000000800c1d4       0xe0 ./Middlewares/Third_Party/FatFs/src/ff.o
 .text.clust2sect
                0x000000000800c2b4       0x3e ./Middlewares/Third_Party/FatFs/src/ff.o
 *fill*         0x000000000800c2f2        0x2 
 .text.get_fat  0x000000000800c2f4      0x2ac ./Middlewares/Third_Party/FatFs/src/ff.o
 .text.put_fat  0x000000000800c5a0      0x240 ./Middlewares/Third_Party/FatFs/src/ff.o
 .text.find_bitmap
                0x000000000800c7e0      0x10e ./Middlewares/Third_Party/FatFs/src/ff.o
 .text.change_bitmap
                0x000000000800c8ee       0xea ./Middlewares/Third_Party/FatFs/src/ff.o
 .text.fill_first_frag
                0x000000000800c9d8       0x5e ./Middlewares/Third_Party/FatFs/src/ff.o
 .text.fill_last_frag
                0x000000000800ca36       0x62 ./Middlewares/Third_Party/FatFs/src/ff.o
 .text.remove_chain
                0x000000000800ca98      0x168 ./Middlewares/Third_Party/FatFs/src/ff.o
 .text.create_chain
                0x000000000800cc00      0x202 ./Middlewares/Third_Party/FatFs/src/ff.o
 .text.clmt_clust
                0x000000000800ce02       0x98 ./Middlewares/Third_Party/FatFs/src/ff.o
 .text.dir_sdi  0x000000000800ce9a      0x128 ./Middlewares/Third_Party/FatFs/src/ff.o
 .text.dir_next
                0x000000000800cfc2      0x1cc ./Middlewares/Third_Party/FatFs/src/ff.o
 .text.dir_alloc
                0x000000000800d18e       0xb8 ./Middlewares/Third_Party/FatFs/src/ff.o
 .text.ld_clust
                0x000000000800d246       0x3e ./Middlewares/Third_Party/FatFs/src/ff.o
 .text.st_clust
                0x000000000800d284       0x40 ./Middlewares/Third_Party/FatFs/src/ff.o
 .text.cmp_lfn  0x000000000800d2c4       0xe0 ./Middlewares/Third_Party/FatFs/src/ff.o
 .text.pick_lfn
                0x000000000800d3a4       0xc8 ./Middlewares/Third_Party/FatFs/src/ff.o
 .text.put_lfn  0x000000000800d46c       0xd0 ./Middlewares/Third_Party/FatFs/src/ff.o
 .text.gen_numname
                0x000000000800d53c      0x11c ./Middlewares/Third_Party/FatFs/src/ff.o
 .text.sum_sfn  0x000000000800d658       0x42 ./Middlewares/Third_Party/FatFs/src/ff.o
 .text.xdir_sum
                0x000000000800d69a       0x66 ./Middlewares/Third_Party/FatFs/src/ff.o
 .text.xname_sum
                0x000000000800d700       0x68 ./Middlewares/Third_Party/FatFs/src/ff.o
 .text.load_xdir
                0x000000000800d768      0x17c ./Middlewares/Third_Party/FatFs/src/ff.o
 .text.load_obj_dir
                0x000000000800d8e4       0x6c ./Middlewares/Third_Party/FatFs/src/ff.o
 .text.store_xdir
                0x000000000800d950       0xb6 ./Middlewares/Third_Party/FatFs/src/ff.o
 .text.create_xdir
                0x000000000800da06       0xce ./Middlewares/Third_Party/FatFs/src/ff.o
 .text.dir_read
                0x000000000800dad4      0x18e ./Middlewares/Third_Party/FatFs/src/ff.o
 .text.dir_find
                0x000000000800dc62      0x252 ./Middlewares/Third_Party/FatFs/src/ff.o
 .text.dir_register
                0x000000000800deb4      0x354 ./Middlewares/Third_Party/FatFs/src/ff.o
 .text.create_name
                0x000000000800e208      0x370 ./Middlewares/Third_Party/FatFs/src/ff.o
 .text.follow_path
                0x000000000800e578      0x15c ./Middlewares/Third_Party/FatFs/src/ff.o
 .text.get_ldnumber
                0x000000000800e6d4       0x88 ./Middlewares/Third_Party/FatFs/src/ff.o
 .text.check_fs
                0x000000000800e75c       0xc8 ./Middlewares/Third_Party/FatFs/src/ff.o
 .text.find_volume
                0x000000000800e824      0x734 ./Middlewares/Third_Party/FatFs/src/ff.o
 .text.validate
                0x000000000800ef58       0x6a ./Middlewares/Third_Party/FatFs/src/ff.o
 *fill*         0x000000000800efc2        0x2 
 .text.f_mount  0x000000000800efc4       0x8c ./Middlewares/Third_Party/FatFs/src/ff.o
                0x000000000800efc4                f_mount
 .text.f_open   0x000000000800f050      0x5a6 ./Middlewares/Third_Party/FatFs/src/ff.o
                0x000000000800f050                f_open
 .text.f_read   0x000000000800f5f6      0x330 ./Middlewares/Third_Party/FatFs/src/ff.o
                0x000000000800f5f6                f_read
 .text.f_sync   0x000000000800f926      0x23c ./Middlewares/Third_Party/FatFs/src/ff.o
                0x000000000800f926                f_sync
 .text.f_close  0x000000000800fb62       0x54 ./Middlewares/Third_Party/FatFs/src/ff.o
                0x000000000800fb62                f_close
 .text.f_lseek  0x000000000800fbb6      0x7d6 ./Middlewares/Third_Party/FatFs/src/ff.o
                0x000000000800fbb6                f_lseek
 .text.FATFS_LinkDriverEx
                0x000000000801038c       0x98 ./Middlewares/Third_Party/FatFs/src/ff_gen_drv.o
                0x000000000801038c                FATFS_LinkDriverEx
 .text.FATFS_LinkDriver
                0x0000000008010424       0x1e ./Middlewares/Third_Party/FatFs/src/ff_gen_drv.o
                0x0000000008010424                FATFS_LinkDriver
 *fill*         0x0000000008010442        0x2 
 .text.ff_convert
                0x0000000008010444       0x78 ./Middlewares/Third_Party/FatFs/src/option/ccsbcs.o
                0x0000000008010444                ff_convert
 .text.ff_wtoupper
                0x00000000080104bc      0x114 ./Middlewares/Third_Party/FatFs/src/option/ccsbcs.o
                0x00000000080104bc                ff_wtoupper
 .text.MX_USB_HOST_Init
                0x00000000080105d0       0x4c ./USB_HOST/App/usb_host.o
                0x00000000080105d0                MX_USB_HOST_Init
 .text.MX_USB_HOST_Process
                0x000000000801061c       0x14 ./USB_HOST/App/usb_host.o
                0x000000000801061c                MX_USB_HOST_Process
 .text.USBH_UserProcess
                0x0000000008010630       0x5c ./USB_HOST/App/usb_host.o
 .text.HAL_HCD_MspInit
                0x000000000801068c       0xc4 ./USB_HOST/Target/usbh_conf.o
                0x000000000801068c                HAL_HCD_MspInit
 .text.HAL_HCD_SOF_Callback
                0x0000000008010750       0x1c ./USB_HOST/Target/usbh_conf.o
                0x0000000008010750                HAL_HCD_SOF_Callback
 .text.HAL_HCD_Connect_Callback
                0x000000000801076c       0x1c ./USB_HOST/Target/usbh_conf.o
                0x000000000801076c                HAL_HCD_Connect_Callback
 .text.HAL_HCD_Disconnect_Callback
                0x0000000008010788       0x1c ./USB_HOST/Target/usbh_conf.o
                0x0000000008010788                HAL_HCD_Disconnect_Callback
 .text.HAL_HCD_HC_NotifyURBChange_Callback
                0x00000000080107a4       0x1c ./USB_HOST/Target/usbh_conf.o
                0x00000000080107a4                HAL_HCD_HC_NotifyURBChange_Callback
 .text.HAL_HCD_PortEnabled_Callback
                0x00000000080107c0       0x1c ./USB_HOST/Target/usbh_conf.o
                0x00000000080107c0                HAL_HCD_PortEnabled_Callback
 .text.HAL_HCD_PortDisabled_Callback
                0x00000000080107dc       0x1c ./USB_HOST/Target/usbh_conf.o
                0x00000000080107dc                HAL_HCD_PortDisabled_Callback
 .text.USBH_LL_Init
                0x00000000080107f8       0x78 ./USB_HOST/Target/usbh_conf.o
                0x00000000080107f8                USBH_LL_Init
 .text.USBH_LL_Start
                0x0000000008010870       0x36 ./USB_HOST/Target/usbh_conf.o
                0x0000000008010870                USBH_LL_Start
 .text.USBH_LL_Stop
                0x00000000080108a6       0x36 ./USB_HOST/Target/usbh_conf.o
                0x00000000080108a6                USBH_LL_Stop
 .text.USBH_LL_GetSpeed
                0x00000000080108dc       0x4e ./USB_HOST/Target/usbh_conf.o
                0x00000000080108dc                USBH_LL_GetSpeed
 .text.USBH_LL_ResetPort
                0x000000000801092a       0x36 ./USB_HOST/Target/usbh_conf.o
                0x000000000801092a                USBH_LL_ResetPort
 .text.USBH_LL_GetLastXferSize
                0x0000000008010960       0x26 ./USB_HOST/Target/usbh_conf.o
                0x0000000008010960                USBH_LL_GetLastXferSize
 .text.USBH_LL_OpenPipe
                0x0000000008010986       0x5e ./USB_HOST/Target/usbh_conf.o
                0x0000000008010986                USBH_LL_OpenPipe
 .text.USBH_LL_ClosePipe
                0x00000000080109e4       0x3e ./USB_HOST/Target/usbh_conf.o
                0x00000000080109e4                USBH_LL_ClosePipe
 .text.USBH_LL_SubmitURB
                0x0000000008010a22       0x62 ./USB_HOST/Target/usbh_conf.o
                0x0000000008010a22                USBH_LL_SubmitURB
 .text.USBH_LL_GetURBState
                0x0000000008010a84       0x26 ./USB_HOST/Target/usbh_conf.o
                0x0000000008010a84                USBH_LL_GetURBState
 .text.USBH_LL_DriverVBUS
                0x0000000008010aaa       0x1c ./USB_HOST/Target/usbh_conf.o
                0x0000000008010aaa                USBH_LL_DriverVBUS
 .text.USBH_LL_SetToggle
                0x0000000008010ac6       0x60 ./USB_HOST/Target/usbh_conf.o
                0x0000000008010ac6                USBH_LL_SetToggle
 .text.USBH_LL_GetToggle
                0x0000000008010b26       0x60 ./USB_HOST/Target/usbh_conf.o
                0x0000000008010b26                USBH_LL_GetToggle
 .text.USBH_Delay
                0x0000000008010b86       0x16 ./USB_HOST/Target/usbh_conf.o
                0x0000000008010b86                USBH_Delay
 .text.USBH_Get_USB_Status
                0x0000000008010b9c       0x58 ./USB_HOST/Target/usbh_conf.o
                0x0000000008010b9c                USBH_Get_USB_Status
 .text.__errno  0x0000000008010bf4        0xc d:/stm32cubeide_1.12.1/stm32cubeide/plugins/com.st.stm32cube.ide.mcu.externaltools.gnu-tools-for-stm32.10.3-2021.10.win32_1.0.200.202301161003/tools/bin/../lib/gcc/arm-none-eabi/10.3.1/../../../../arm-none-eabi/lib/thumb/v7e-m+fp/hard\libc_nano.a(lib_a-errno.o)
                0x0000000008010bf4                __errno
 .text.__libc_init_array
                0x0000000008010c00       0x48 d:/stm32cubeide_1.12.1/stm32cubeide/plugins/com.st.stm32cube.ide.mcu.externaltools.gnu-tools-for-stm32.10.3-2021.10.win32_1.0.200.202301161003/tools/bin/../lib/gcc/arm-none-eabi/10.3.1/../../../../arm-none-eabi/lib/thumb/v7e-m+fp/hard\libc_nano.a(lib_a-init.o)
                0x0000000008010c00                __libc_init_array
 .text.malloc   0x0000000008010c48       0x10 d:/stm32cubeide_1.12.1/stm32cubeide/plugins/com.st.stm32cube.ide.mcu.externaltools.gnu-tools-for-stm32.10.3-2021.10.win32_1.0.200.202301161003/tools/bin/../lib/gcc/arm-none-eabi/10.3.1/../../../../arm-none-eabi/lib/thumb/v7e-m+fp/hard\libc_nano.a(lib_a-malloc.o)
                0x0000000008010c48                malloc
 .text.free     0x0000000008010c58       0x10 d:/stm32cubeide_1.12.1/stm32cubeide/plugins/com.st.stm32cube.ide.mcu.externaltools.gnu-tools-for-stm32.10.3-2021.10.win32_1.0.200.202301161003/tools/bin/../lib/gcc/arm-none-eabi/10.3.1/../../../../arm-none-eabi/lib/thumb/v7e-m+fp/hard\libc_nano.a(lib_a-malloc.o)
                0x0000000008010c58                free
 .text.memcpy   0x0000000008010c68       0x1c d:/stm32cubeide_1.12.1/stm32cubeide/plugins/com.st.stm32cube.ide.mcu.externaltools.gnu-tools-for-stm32.10.3-2021.10.win32_1.0.200.202301161003/tools/bin/../lib/gcc/arm-none-eabi/10.3.1/../../../../arm-none-eabi/lib/thumb/v7e-m+fp/hard\libc_nano.a(lib_a-memcpy-stub.o)
                0x0000000008010c68                memcpy
 .text.memset   0x0000000008010c84       0x10 d:/stm32cubeide_1.12.1/stm32cubeide/plugins/com.st.stm32cube.ide.mcu.externaltools.gnu-tools-for-stm32.10.3-2021.10.win32_1.0.200.202301161003/tools/bin/../lib/gcc/arm-none-eabi/10.3.1/../../../../arm-none-eabi/lib/thumb/v7e-m+fp/hard\libc_nano.a(lib_a-memset.o)
                0x0000000008010c84                memset
 .text._free_r  0x0000000008010c94       0x98 d:/stm32cubeide_1.12.1/stm32cubeide/plugins/com.st.stm32cube.ide.mcu.externaltools.gnu-tools-for-stm32.10.3-2021.10.win32_1.0.200.202301161003/tools/bin/../lib/gcc/arm-none-eabi/10.3.1/../../../../arm-none-eabi/lib/thumb/v7e-m+fp/hard\libc_nano.a(lib_a-nano-freer.o)
                0x0000000008010c94                _free_r
 .text.sbrk_aligned
                0x0000000008010d2c       0x40 d:/stm32cubeide_1.12.1/stm32cubeide/plugins/com.st.stm32cube.ide.mcu.externaltools.gnu-tools-for-stm32.10.3-2021.10.win32_1.0.200.202301161003/tools/bin/../lib/gcc/arm-none-eabi/10.3.1/../../../../arm-none-eabi/lib/thumb/v7e-m+fp/hard\libc_nano.a(lib_a-nano-mallocr.o)
 .text._malloc_r
                0x0000000008010d6c       0xe8 d:/stm32cubeide_1.12.1/stm32cubeide/plugins/com.st.stm32cube.ide.mcu.externaltools.gnu-tools-for-stm32.10.3-2021.10.win32_1.0.200.202301161003/tools/bin/../lib/gcc/arm-none-eabi/10.3.1/../../../../arm-none-eabi/lib/thumb/v7e-m+fp/hard\libc_nano.a(lib_a-nano-mallocr.o)
                0x0000000008010d6c                _malloc_r
 .text.printf   0x0000000008010e54       0x30 d:/stm32cubeide_1.12.1/stm32cubeide/plugins/com.st.stm32cube.ide.mcu.externaltools.gnu-tools-for-stm32.10.3-2021.10.win32_1.0.200.202301161003/tools/bin/../lib/gcc/arm-none-eabi/10.3.1/../../../../arm-none-eabi/lib/thumb/v7e-m+fp/hard\libc_nano.a(lib_a-printf.o)
                0x0000000008010e54                iprintf
                0x0000000008010e54                printf
 .text._puts_r  0x0000000008010e84       0xdc d:/stm32cubeide_1.12.1/stm32cubeide/plugins/com.st.stm32cube.ide.mcu.externaltools.gnu-tools-for-stm32.10.3-2021.10.win32_1.0.200.202301161003/tools/bin/../lib/gcc/arm-none-eabi/10.3.1/../../../../arm-none-eabi/lib/thumb/v7e-m+fp/hard\libc_nano.a(lib_a-puts.o)
                0x0000000008010e84                _puts_r
 .text.puts     0x0000000008010f60       0x10 d:/stm32cubeide_1.12.1/stm32cubeide/plugins/com.st.stm32cube.ide.mcu.externaltools.gnu-tools-for-stm32.10.3-2021.10.win32_1.0.200.202301161003/tools/bin/../lib/gcc/arm-none-eabi/10.3.1/../../../../arm-none-eabi/lib/thumb/v7e-m+fp/hard\libc_nano.a(lib_a-puts.o)
                0x0000000008010f60                puts
 .text._sbrk_r  0x0000000008010f70       0x20 d:/stm32cubeide_1.12.1/stm32cubeide/plugins/com.st.stm32cube.ide.mcu.externaltools.gnu-tools-for-stm32.10.3-2021.10.win32_1.0.200.202301161003/tools/bin/../lib/gcc/arm-none-eabi/10.3.1/../../../../arm-none-eabi/lib/thumb/v7e-m+fp/hard\libc_nano.a(lib_a-sbrkr.o)
                0x0000000008010f70                _sbrk_r
 .text.sprintf  0x0000000008010f90       0x40 d:/stm32cubeide_1.12.1/stm32cubeide/plugins/com.st.stm32cube.ide.mcu.externaltools.gnu-tools-for-stm32.10.3-2021.10.win32_1.0.200.202301161003/tools/bin/../lib/gcc/arm-none-eabi/10.3.1/../../../../arm-none-eabi/lib/thumb/v7e-m+fp/hard\libc_nano.a(lib_a-sprintf.o)
                0x0000000008010f90                siprintf
                0x0000000008010f90                sprintf
 .text.strcpy   0x0000000008010fd0       0x10 d:/stm32cubeide_1.12.1/stm32cubeide/plugins/com.st.stm32cube.ide.mcu.externaltools.gnu-tools-for-stm32.10.3-2021.10.win32_1.0.200.202301161003/tools/bin/../lib/gcc/arm-none-eabi/10.3.1/../../../../arm-none-eabi/lib/thumb/v7e-m+fp/hard\libc_nano.a(lib_a-strcpy.o)
                0x0000000008010fd0                strcpy
 .text.__swbuf_r
                0x0000000008010fe0       0xa4 d:/stm32cubeide_1.12.1/stm32cubeide/plugins/com.st.stm32cube.ide.mcu.externaltools.gnu-tools-for-stm32.10.3-2021.10.win32_1.0.200.202301161003/tools/bin/../lib/gcc/arm-none-eabi/10.3.1/../../../../arm-none-eabi/lib/thumb/v7e-m+fp/hard\libc_nano.a(lib_a-wbuf.o)
                0x0000000008010fe0                __swbuf_r
 .text.__swsetup_r
                0x0000000008011084       0xdc d:/stm32cubeide_1.12.1/stm32cubeide/plugins/com.st.stm32cube.ide.mcu.externaltools.gnu-tools-for-stm32.10.3-2021.10.win32_1.0.200.202301161003/tools/bin/../lib/gcc/arm-none-eabi/10.3.1/../../../../arm-none-eabi/lib/thumb/v7e-m+fp/hard\libc_nano.a(lib_a-wsetup.o)
                0x0000000008011084                __swsetup_r
 .text.__sflush_r
                0x0000000008011160      0x10c d:/stm32cubeide_1.12.1/stm32cubeide/plugins/com.st.stm32cube.ide.mcu.externaltools.gnu-tools-for-stm32.10.3-2021.10.win32_1.0.200.202301161003/tools/bin/../lib/gcc/arm-none-eabi/10.3.1/../../../../arm-none-eabi/lib/thumb/v7e-m+fp/hard\libc_nano.a(lib_a-fflush.o)
                0x0000000008011160                __sflush_r
 .text._fflush_r
                0x000000000801126c       0x78 d:/stm32cubeide_1.12.1/stm32cubeide/plugins/com.st.stm32cube.ide.mcu.externaltools.gnu-tools-for-stm32.10.3-2021.10.win32_1.0.200.202301161003/tools/bin/../lib/gcc/arm-none-eabi/10.3.1/../../../../arm-none-eabi/lib/thumb/v7e-m+fp/hard\libc_nano.a(lib_a-fflush.o)
                0x000000000801126c                _fflush_r
 .text.std      0x00000000080112e4       0x48 d:/stm32cubeide_1.12.1/stm32cubeide/plugins/com.st.stm32cube.ide.mcu.externaltools.gnu-tools-for-stm32.10.3-2021.10.win32_1.0.200.202301161003/tools/bin/../lib/gcc/arm-none-eabi/10.3.1/../../../../arm-none-eabi/lib/thumb/v7e-m+fp/hard\libc_nano.a(lib_a-findfp.o)
 .text._cleanup_r
                0x000000000801132c        0xc d:/stm32cubeide_1.12.1/stm32cubeide/plugins/com.st.stm32cube.ide.mcu.externaltools.gnu-tools-for-stm32.10.3-2021.10.win32_1.0.200.202301161003/tools/bin/../lib/gcc/arm-none-eabi/10.3.1/../../../../arm-none-eabi/lib/thumb/v7e-m+fp/hard\libc_nano.a(lib_a-findfp.o)
                0x000000000801132c                _cleanup_r
 .text.__sfmoreglue
                0x0000000008011338       0x2c d:/stm32cubeide_1.12.1/stm32cubeide/plugins/com.st.stm32cube.ide.mcu.externaltools.gnu-tools-for-stm32.10.3-2021.10.win32_1.0.200.202301161003/tools/bin/../lib/gcc/arm-none-eabi/10.3.1/../../../../arm-none-eabi/lib/thumb/v7e-m+fp/hard\libc_nano.a(lib_a-findfp.o)
                0x0000000008011338                __sfmoreglue
 .text.__sfp_lock_acquire
                0x0000000008011364        0xc d:/stm32cubeide_1.12.1/stm32cubeide/plugins/com.st.stm32cube.ide.mcu.externaltools.gnu-tools-for-stm32.10.3-2021.10.win32_1.0.200.202301161003/tools/bin/../lib/gcc/arm-none-eabi/10.3.1/../../../../arm-none-eabi/lib/thumb/v7e-m+fp/hard\libc_nano.a(lib_a-findfp.o)
                0x0000000008011364                __sfp_lock_acquire
 .text.__sfp_lock_release
                0x0000000008011370        0xc d:/stm32cubeide_1.12.1/stm32cubeide/plugins/com.st.stm32cube.ide.mcu.externaltools.gnu-tools-for-stm32.10.3-2021.10.win32_1.0.200.202301161003/tools/bin/../lib/gcc/arm-none-eabi/10.3.1/../../../../arm-none-eabi/lib/thumb/v7e-m+fp/hard\libc_nano.a(lib_a-findfp.o)
                0x0000000008011370                __sfp_lock_release
 .text.__sinit_lock_acquire
                0x000000000801137c        0xc d:/stm32cubeide_1.12.1/stm32cubeide/plugins/com.st.stm32cube.ide.mcu.externaltools.gnu-tools-for-stm32.10.3-2021.10.win32_1.0.200.202301161003/tools/bin/../lib/gcc/arm-none-eabi/10.3.1/../../../../arm-none-eabi/lib/thumb/v7e-m+fp/hard\libc_nano.a(lib_a-findfp.o)
                0x000000000801137c                __sinit_lock_acquire
 .text.__sinit_lock_release
                0x0000000008011388        0xc d:/stm32cubeide_1.12.1/stm32cubeide/plugins/com.st.stm32cube.ide.mcu.externaltools.gnu-tools-for-stm32.10.3-2021.10.win32_1.0.200.202301161003/tools/bin/../lib/gcc/arm-none-eabi/10.3.1/../../../../arm-none-eabi/lib/thumb/v7e-m+fp/hard\libc_nano.a(lib_a-findfp.o)
                0x0000000008011388                __sinit_lock_release
 .text.__sinit  0x0000000008011394       0x70 d:/stm32cubeide_1.12.1/stm32cubeide/plugins/com.st.stm32cube.ide.mcu.externaltools.gnu-tools-for-stm32.10.3-2021.10.win32_1.0.200.202301161003/tools/bin/../lib/gcc/arm-none-eabi/10.3.1/../../../../arm-none-eabi/lib/thumb/v7e-m+fp/hard\libc_nano.a(lib_a-findfp.o)
                0x0000000008011394                __sinit
 .text.__sfp    0x0000000008011404       0x8c d:/stm32cubeide_1.12.1/stm32cubeide/plugins/com.st.stm32cube.ide.mcu.externaltools.gnu-tools-for-stm32.10.3-2021.10.win32_1.0.200.202301161003/tools/bin/../lib/gcc/arm-none-eabi/10.3.1/../../../../arm-none-eabi/lib/thumb/v7e-m+fp/hard\libc_nano.a(lib_a-findfp.o)
                0x0000000008011404                __sfp
 .text._fwalk_reent
                0x0000000008011490       0x3e d:/stm32cubeide_1.12.1/stm32cubeide/plugins/com.st.stm32cube.ide.mcu.externaltools.gnu-tools-for-stm32.10.3-2021.10.win32_1.0.200.202301161003/tools/bin/../lib/gcc/arm-none-eabi/10.3.1/../../../../arm-none-eabi/lib/thumb/v7e-m+fp/hard\libc_nano.a(lib_a-fwalk.o)
                0x0000000008011490                _fwalk_reent
 .text.__retarget_lock_init_recursive
                0x00000000080114ce        0x2 d:/stm32cubeide_1.12.1/stm32cubeide/plugins/com.st.stm32cube.ide.mcu.externaltools.gnu-tools-for-stm32.10.3-2021.10.win32_1.0.200.202301161003/tools/bin/../lib/gcc/arm-none-eabi/10.3.1/../../../../arm-none-eabi/lib/thumb/v7e-m+fp/hard\libc_nano.a(lib_a-lock.o)
                0x00000000080114ce                __retarget_lock_init_recursive
 .text.__retarget_lock_acquire_recursive
                0x00000000080114d0        0x2 d:/stm32cubeide_1.12.1/stm32cubeide/plugins/com.st.stm32cube.ide.mcu.externaltools.gnu-tools-for-stm32.10.3-2021.10.win32_1.0.200.202301161003/tools/bin/../lib/gcc/arm-none-eabi/10.3.1/../../../../arm-none-eabi/lib/thumb/v7e-m+fp/hard\libc_nano.a(lib_a-lock.o)
                0x00000000080114d0                __retarget_lock_acquire_recursive
 .text.__retarget_lock_release_recursive
                0x00000000080114d2        0x2 d:/stm32cubeide_1.12.1/stm32cubeide/plugins/com.st.stm32cube.ide.mcu.externaltools.gnu-tools-for-stm32.10.3-2021.10.win32_1.0.200.202301161003/tools/bin/../lib/gcc/arm-none-eabi/10.3.1/../../../../arm-none-eabi/lib/thumb/v7e-m+fp/hard\libc_nano.a(lib_a-lock.o)
                0x00000000080114d2                __retarget_lock_release_recursive
 .text.__swhatbuf_r
                0x00000000080114d4       0x4a d:/stm32cubeide_1.12.1/stm32cubeide/plugins/com.st.stm32cube.ide.mcu.externaltools.gnu-tools-for-stm32.10.3-2021.10.win32_1.0.200.202301161003/tools/bin/../lib/gcc/arm-none-eabi/10.3.1/../../../../arm-none-eabi/lib/thumb/v7e-m+fp/hard\libc_nano.a(lib_a-makebuf.o)
                0x00000000080114d4                __swhatbuf_r
 *fill*         0x000000000801151e        0x2 
 .text.__smakebuf_r
                0x0000000008011520       0x80 d:/stm32cubeide_1.12.1/stm32cubeide/plugins/com.st.stm32cube.ide.mcu.externaltools.gnu-tools-for-stm32.10.3-2021.10.win32_1.0.200.202301161003/tools/bin/../lib/gcc/arm-none-eabi/10.3.1/../../../../arm-none-eabi/lib/thumb/v7e-m+fp/hard\libc_nano.a(lib_a-makebuf.o)
                0x0000000008011520                __smakebuf_r
 .text.__malloc_lock
                0x00000000080115a0        0xc d:/stm32cubeide_1.12.1/stm32cubeide/plugins/com.st.stm32cube.ide.mcu.externaltools.gnu-tools-for-stm32.10.3-2021.10.win32_1.0.200.202301161003/tools/bin/../lib/gcc/arm-none-eabi/10.3.1/../../../../arm-none-eabi/lib/thumb/v7e-m+fp/hard\libc_nano.a(lib_a-mlock.o)
                0x00000000080115a0                __malloc_lock
 .text.__malloc_unlock
                0x00000000080115ac        0xc d:/stm32cubeide_1.12.1/stm32cubeide/plugins/com.st.stm32cube.ide.mcu.externaltools.gnu-tools-for-stm32.10.3-2021.10.win32_1.0.200.202301161003/tools/bin/../lib/gcc/arm-none-eabi/10.3.1/../../../../arm-none-eabi/lib/thumb/v7e-m+fp/hard\libc_nano.a(lib_a-mlock.o)
                0x00000000080115ac                __malloc_unlock
 .text.__ssputs_r
                0x00000000080115b8       0xb6 d:/stm32cubeide_1.12.1/stm32cubeide/plugins/com.st.stm32cube.ide.mcu.externaltools.gnu-tools-for-stm32.10.3-2021.10.win32_1.0.200.202301161003/tools/bin/../lib/gcc/arm-none-eabi/10.3.1/../../../../arm-none-eabi/lib/thumb/v7e-m+fp/hard\libc_nano.a(lib_a-nano-svfprintf.o)
                0x00000000080115b8                __ssputs_r
 *fill*         0x000000000801166e        0x2 
 .text._svfprintf_r
                0x0000000008011670      0x200 d:/stm32cubeide_1.12.1/stm32cubeide/plugins/com.st.stm32cube.ide.mcu.externaltools.gnu-tools-for-stm32.10.3-2021.10.win32_1.0.200.202301161003/tools/bin/../lib/gcc/arm-none-eabi/10.3.1/../../../../arm-none-eabi/lib/thumb/v7e-m+fp/hard\libc_nano.a(lib_a-nano-svfprintf.o)
                0x0000000008011670                _svfiprintf_r
                0x0000000008011670                _svfprintf_r
 .text.__sfputc_r
                0x0000000008011870       0x2e d:/stm32cubeide_1.12.1/stm32cubeide/plugins/com.st.stm32cube.ide.mcu.externaltools.gnu-tools-for-stm32.10.3-2021.10.win32_1.0.200.202301161003/tools/bin/../lib/gcc/arm-none-eabi/10.3.1/../../../../arm-none-eabi/lib/thumb/v7e-m+fp/hard\libc_nano.a(lib_a-nano-vfprintf.o)
 .text.__sfputs_r
                0x000000000801189e       0x24 d:/stm32cubeide_1.12.1/stm32cubeide/plugins/com.st.stm32cube.ide.mcu.externaltools.gnu-tools-for-stm32.10.3-2021.10.win32_1.0.200.202301161003/tools/bin/../lib/gcc/arm-none-eabi/10.3.1/../../../../arm-none-eabi/lib/thumb/v7e-m+fp/hard\libc_nano.a(lib_a-nano-vfprintf.o)
                0x000000000801189e                __sfputs_r
 *fill*         0x00000000080118c2        0x2 
 .text._vfprintf_r
                0x00000000080118c4      0x260 d:/stm32cubeide_1.12.1/stm32cubeide/plugins/com.st.stm32cube.ide.mcu.externaltools.gnu-tools-for-stm32.10.3-2021.10.win32_1.0.200.202301161003/tools/bin/../lib/gcc/arm-none-eabi/10.3.1/../../../../arm-none-eabi/lib/thumb/v7e-m+fp/hard\libc_nano.a(lib_a-nano-vfprintf.o)
                0x00000000080118c4                _vfprintf_r
                0x00000000080118c4                _vfiprintf_r
 .text._printf_common
                0x0000000008011b24       0xda d:/stm32cubeide_1.12.1/stm32cubeide/plugins/com.st.stm32cube.ide.mcu.externaltools.gnu-tools-for-stm32.10.3-2021.10.win32_1.0.200.202301161003/tools/bin/../lib/gcc/arm-none-eabi/10.3.1/../../../../arm-none-eabi/lib/thumb/v7e-m+fp/hard\libc_nano.a(lib_a-nano-vfprintf_i.o)
                0x0000000008011b24                _printf_common
 *fill*         0x0000000008011bfe        0x2 
 .text._printf_i
                0x0000000008011c00      0x24c d:/stm32cubeide_1.12.1/stm32cubeide/plugins/com.st.stm32cube.ide.mcu.externaltools.gnu-tools-for-stm32.10.3-2021.10.win32_1.0.200.202301161003/tools/bin/../lib/gcc/arm-none-eabi/10.3.1/../../../../arm-none-eabi/lib/thumb/v7e-m+fp/hard\libc_nano.a(lib_a-nano-vfprintf_i.o)
                0x0000000008011c00                _printf_i
 .text.__sread  0x0000000008011e4c       0x22 d:/stm32cubeide_1.12.1/stm32cubeide/plugins/com.st.stm32cube.ide.mcu.externaltools.gnu-tools-for-stm32.10.3-2021.10.win32_1.0.200.202301161003/tools/bin/../lib/gcc/arm-none-eabi/10.3.1/../../../../arm-none-eabi/lib/thumb/v7e-m+fp/hard\libc_nano.a(lib_a-stdio.o)
                0x0000000008011e4c                __sread
 .text.__swrite
                0x0000000008011e6e       0x38 d:/stm32cubeide_1.12.1/stm32cubeide/plugins/com.st.stm32cube.ide.mcu.externaltools.gnu-tools-for-stm32.10.3-2021.10.win32_1.0.200.202301161003/tools/bin/../lib/gcc/arm-none-eabi/10.3.1/../../../../arm-none-eabi/lib/thumb/v7e-m+fp/hard\libc_nano.a(lib_a-stdio.o)
                0x0000000008011e6e                __swrite
 .text.__sseek  0x0000000008011ea6       0x24 d:/stm32cubeide_1.12.1/stm32cubeide/plugins/com.st.stm32cube.ide.mcu.externaltools.gnu-tools-for-stm32.10.3-2021.10.win32_1.0.200.202301161003/tools/bin/../lib/gcc/arm-none-eabi/10.3.1/../../../../arm-none-eabi/lib/thumb/v7e-m+fp/hard\libc_nano.a(lib_a-stdio.o)
                0x0000000008011ea6                __sseek
 .text.__sclose
                0x0000000008011eca        0x8 d:/stm32cubeide_1.12.1/stm32cubeide/plugins/com.st.stm32cube.ide.mcu.externaltools.gnu-tools-for-stm32.10.3-2021.10.win32_1.0.200.202301161003/tools/bin/../lib/gcc/arm-none-eabi/10.3.1/../../../../arm-none-eabi/lib/thumb/v7e-m+fp/hard\libc_nano.a(lib_a-stdio.o)
                0x0000000008011eca                __sclose
 *fill*         0x0000000008011ed2        0x2 
 .text._write_r
                0x0000000008011ed4       0x24 d:/stm32cubeide_1.12.1/stm32cubeide/plugins/com.st.stm32cube.ide.mcu.externaltools.gnu-tools-for-stm32.10.3-2021.10.win32_1.0.200.202301161003/tools/bin/../lib/gcc/arm-none-eabi/10.3.1/../../../../arm-none-eabi/lib/thumb/v7e-m+fp/hard\libc_nano.a(lib_a-writer.o)
                0x0000000008011ed4                _write_r
 .text._close_r
                0x0000000008011ef8       0x20 d:/stm32cubeide_1.12.1/stm32cubeide/plugins/com.st.stm32cube.ide.mcu.externaltools.gnu-tools-for-stm32.10.3-2021.10.win32_1.0.200.202301161003/tools/bin/../lib/gcc/arm-none-eabi/10.3.1/../../../../arm-none-eabi/lib/thumb/v7e-m+fp/hard\libc_nano.a(lib_a-closer.o)
                0x0000000008011ef8                _close_r
 .text._fstat_r
                0x0000000008011f18       0x24 d:/stm32cubeide_1.12.1/stm32cubeide/plugins/com.st.stm32cube.ide.mcu.externaltools.gnu-tools-for-stm32.10.3-2021.10.win32_1.0.200.202301161003/tools/bin/../lib/gcc/arm-none-eabi/10.3.1/../../../../arm-none-eabi/lib/thumb/v7e-m+fp/hard\libc_nano.a(lib_a-fstatr.o)
                0x0000000008011f18                _fstat_r
 .text._isatty_r
                0x0000000008011f3c       0x20 d:/stm32cubeide_1.12.1/stm32cubeide/plugins/com.st.stm32cube.ide.mcu.externaltools.gnu-tools-for-stm32.10.3-2021.10.win32_1.0.200.202301161003/tools/bin/../lib/gcc/arm-none-eabi/10.3.1/../../../../arm-none-eabi/lib/thumb/v7e-m+fp/hard\libc_nano.a(lib_a-isattyr.o)
                0x0000000008011f3c                _isatty_r
 .text._lseek_r
                0x0000000008011f5c       0x24 d:/stm32cubeide_1.12.1/stm32cubeide/plugins/com.st.stm32cube.ide.mcu.externaltools.gnu-tools-for-stm32.10.3-2021.10.win32_1.0.200.202301161003/tools/bin/../lib/gcc/arm-none-eabi/10.3.1/../../../../arm-none-eabi/lib/thumb/v7e-m+fp/hard\libc_nano.a(lib_a-lseekr.o)
                0x0000000008011f5c                _lseek_r
 .text.memmove  0x0000000008011f80       0x34 d:/stm32cubeide_1.12.1/stm32cubeide/plugins/com.st.stm32cube.ide.mcu.externaltools.gnu-tools-for-stm32.10.3-2021.10.win32_1.0.200.202301161003/tools/bin/../lib/gcc/arm-none-eabi/10.3.1/../../../../arm-none-eabi/lib/thumb/v7e-m+fp/hard\libc_nano.a(lib_a-memmove.o)
                0x0000000008011f80                memmove
 .text._realloc_r
                0x0000000008011fb4       0x5e d:/stm32cubeide_1.12.1/stm32cubeide/plugins/com.st.stm32cube.ide.mcu.externaltools.gnu-tools-for-stm32.10.3-2021.10.win32_1.0.200.202301161003/tools/bin/../lib/gcc/arm-none-eabi/10.3.1/../../../../arm-none-eabi/lib/thumb/v7e-m+fp/hard\libc_nano.a(lib_a-nano-reallocr.o)
                0x0000000008011fb4                _realloc_r
 *fill*         0x0000000008012012        0x2 
 .text._read_r  0x0000000008012014       0x24 d:/stm32cubeide_1.12.1/stm32cubeide/plugins/com.st.stm32cube.ide.mcu.externaltools.gnu-tools-for-stm32.10.3-2021.10.win32_1.0.200.202301161003/tools/bin/../lib/gcc/arm-none-eabi/10.3.1/../../../../arm-none-eabi/lib/thumb/v7e-m+fp/hard\libc_nano.a(lib_a-readr.o)
                0x0000000008012014                _read_r
 .text._malloc_usable_size_r
                0x0000000008012038       0x10 d:/stm32cubeide_1.12.1/stm32cubeide/plugins/com.st.stm32cube.ide.mcu.externaltools.gnu-tools-for-stm32.10.3-2021.10.win32_1.0.200.202301161003/tools/bin/../lib/gcc/arm-none-eabi/10.3.1/../../../../arm-none-eabi/lib/thumb/v7e-m+fp/hard\libc_nano.a(lib_a-nano-msizer.o)
                0x0000000008012038                _malloc_usable_size_r
 *(.glue_7)
 .glue_7        0x0000000008012048        0x0 linker stubs
 *(.glue_7t)
 .glue_7t       0x0000000008012048        0x0 linker stubs
 *(.eh_frame)
 .eh_frame      0x0000000008012048        0x0 d:/stm32cubeide_1.12.1/stm32cubeide/plugins/com.st.stm32cube.ide.mcu.externaltools.gnu-tools-for-stm32.10.3-2021.10.win32_1.0.200.202301161003/tools/bin/../lib/gcc/arm-none-eabi/10.3.1/thumb/v7e-m+fp/hard/crtbegin.o
 *(.init)
 .init          0x0000000008012048        0x4 d:/stm32cubeide_1.12.1/stm32cubeide/plugins/com.st.stm32cube.ide.mcu.externaltools.gnu-tools-for-stm32.10.3-2021.10.win32_1.0.200.202301161003/tools/bin/../lib/gcc/arm-none-eabi/10.3.1/thumb/v7e-m+fp/hard/crti.o
                0x0000000008012048                _init
 .init          0x000000000801204c        0x8 d:/stm32cubeide_1.12.1/stm32cubeide/plugins/com.st.stm32cube.ide.mcu.externaltools.gnu-tools-for-stm32.10.3-2021.10.win32_1.0.200.202301161003/tools/bin/../lib/gcc/arm-none-eabi/10.3.1/thumb/v7e-m+fp/hard/crtn.o
 *(.fini)