../Drivers/CMSIS/Include/core_cm4.h:2064:26:ITM_SendChar	16	static,ignoring_inline_asm
../Core/Src/main.c:98:7:primarySoundFileName	120	static
../Core/Src/main.c:108:5:_write	32	static
../Core/Src/main.c:118:6:setClickToggle	4	static
../Core/Src/main.c:122:6:changeInstrement	4	static
../Core/Src/main.c:126:6:blinkLeds	16	static
../Core/Src/main.c:132:6:setKey	16	static
../Core/Src/main.c:137:6:updateSetKey	8	static
../Core/Src/main.c:142:6:readNewKey	8	static
../Core/Src/main.c:163:6:UsbFile_Write	16	static
../Core/Src/main.c:189:6:bodyHeaderFile	16	static
../Core/Src/main.c:210:6:UsbFile_Read	24	static
../Core/Src/main.c:244:6:changeMode	4	static
../Core/Src/main.c:257:5:main	96	static
../Core/Src/main.c:361:6:SystemClock_Config	88	static
../Core/Src/main.c:407:13:MX_I2C1_Init	8	static
../Core/Src/main.c:441:13:MX_I2S3_Init	8	static
../Core/Src/main.c:475:13:MX_TIM6_Init	16	static
../Core/Src/main.c:511:13:MX_DMA_Init	16	static
../Core/Src/main.c:529:13:MX_GPIO_Init	56	static
../Core/Src/main.c:630:6:Error_Handler	4	static,ignoring_inline_asm
