../Core/Src/stm32f4xx_it.c:72:6:NMI_Handler	4	static
../Core/Src/stm32f4xx_it.c:87:6:HardFault_Handler	4	static
../Core/Src/stm32f4xx_it.c:102:6:MemManage_Handler	4	static
../Core/Src/stm32f4xx_it.c:117:6:BusFault_Handler	4	static
../Core/Src/stm32f4xx_it.c:132:6:UsageFault_Handler	4	static
../Core/Src/stm32f4xx_it.c:147:6:SVC_Handler	4	static
../Core/Src/stm32f4xx_it.c:160:6:DebugMon_Handler	4	static
../Core/Src/stm32f4xx_it.c:173:6:PendSV_Handler	4	static
../Core/Src/stm32f4xx_it.c:186:6:SysTick_Handler	8	static
../Core/Src/stm32f4xx_it.c:207:6:EXTI0_IRQHandler	8	static
../Core/Src/stm32f4xx_it.c:227:6:EXTI1_IRQHandler	8	static
../Core/Src/stm32f4xx_it.c:245:6:EXTI2_IRQHandler	8	static
../Core/Src/stm32f4xx_it.c:259:6:EXTI3_IRQHandler	8	static
../Core/Src/stm32f4xx_it.c:273:6:EXTI4_IRQHandler	8	static
../Core/Src/stm32f4xx_it.c:288:6:DMA1_Stream5_IRQHandler	8	static
../Core/Src/stm32f4xx_it.c:302:6:EXTI9_5_IRQHandler	8	static
../Core/Src/stm32f4xx_it.c:324:6:TIM6_DAC_IRQHandler	8	static
../Core/Src/stm32f4xx_it.c:339:6:OTG_FS_IRQHandler	8	static
